{
  "version": "1.5.0",
  "plugins_used": [
    {
      "name": "ArtifactoryDetector"
    },
    {
      "name": "AWSKeyDetector"
    },
    {
      "name": "AzureStorageKeyDetector"
    },
    {
      "name": "Base64HighEntropyString",
      "limit": 4.5
    },
    {
      "name": "BasicAuthDetector"
    },
    {
      "name": "CloudantDetector"
    },
    {
      "name": "DiscordBotTokenDetector"
    },
    {
      "name": "GitHubTokenDetector"
    },
    {
      "name": "GitLabTokenDetector"
    },
    {
      "name": "HexHighEntropyString",
      "limit": 3.0
    },
    {
      "name": "IbmCloudIamDetector"
    },
    {
      "name": "IbmCosHmacDetector"
    },
    {
      "name": "IPPublicDetector"
    },
    {
      "name": "JwtTokenDetector"
    },
    {
      "name": "KeywordDetector",
      "keyword_exclude": ""
    },
    {
      "name": "MailchimpDetector"
    },
    {
      "name": "NpmDetector"
    },
    {
      "name": "OpenAIDetector"
    },
    {
      "name": "PrivateKeyDetector"
    },
    {
      "name": "PypiTokenDetector"
    },
    {
      "name": "SendGridDetector"
    },
    {
      "name": "SlackDetector"
    },
    {
      "name": "SoftlayerDetector"
    },
    {
      "name": "SquareOAuthDetector"
    },
    {
      "name": "StripeDetector"
    },
    {
      "name": "TelegramBotTokenDetector"
    },
    {
      "name": "TwilioKeyDetector"
    }
  ],
  "filters_used": [
    {
      "path": "detect_secrets.filters.allowlist.is_line_allowlisted"
    },
    {
      "path": "detect_secrets.filters.common.is_baseline_file",
      "filename": "Agentic-ai-self-service/.secrets.baseline"
    },
    {
      "path": "detect_secrets.filters.common.is_ignored_due_to_verification_policies",
      "min_level": 2
    },
    {
      "path": "detect_secrets.filters.heuristic.is_indirect_reference"
    },
    {
      "path": "detect_secrets.filters.heuristic.is_likely_id_string"
    },
    {
      "path": "detect_secrets.filters.heuristic.is_lock_file"
    },
    {
      "path": "detect_secrets.filters.heuristic.is_not_alphanumeric_string"
    },
    {
      "path": "detect_secrets.filters.heuristic.is_potential_uuid"
    },
    {
      "path": "detect_secrets.filters.heuristic.is_prefixed_with_dollar_sign"
    },
    {
      "path": "detect_secrets.filters.heuristic.is_sequential_string"
    },
    {
      "path": "detect_secrets.filters.heuristic.is_swagger_file"
    },
    {
      "path": "detect_secrets.filters.heuristic.is_templated_secret"
    },
    {
      "path": "detect_secrets.filters.regex.should_exclude_file",
      "pattern": [
        "Agentic-ai-self-service/\\.secrets\\.baseline$",
        "package-lock\\.json$",
        "\\.lock$",
        "node_modules/"
      ]
    }
  ],
  "results": {
    "Agentic-ai-self-service/CHANGELOG.md": [
      {
        "type": "AWS Access Key",
        "filename": "Agentic-ai-self-service/CHANGELOG.md",
        "hashed_secret": "25910f981e85ca04baf359199dd0bd4a3ae738b6",
        "is_verified": false,
        "line_number": 1788
      }
    ],
    "Agentic-ai-self-service/backend/src/app/deployment_handler.py": [
      {
        "type": "Secret Keyword",
        "filename": "Agentic-ai-self-service/backend/src/app/deployment_handler.py",
        "hashed_secret": "4efb18abd8fea6d327812e33bd5e3af9c36b489d",
        "is_verified": false,
        "line_number": 852
      },
      {
        "type": "Secret Keyword",
        "filename": "Agentic-ai-self-service/backend/src/app/deployment_handler.py",
        "hashed_secret": "d17335551d5b0a1f3262ad5582b7c7f4d732a608",
        "is_verified": false,
        "line_number": 853
      },
      {
        "type": "Secret Keyword",
        "filename": "Agentic-ai-self-service/backend/src/app/deployment_handler.py",
        "hashed_secret": "ea9c2c369af115e1b39abf1e905225cf19f02df4",
        "is_verified": false,
        "line_number": 854
      },
      {
        "type": "Secret Keyword",
        "filename": "Agentic-ai-self-service/backend/src/app/deployment_handler.py",
        "hashed_secret": "af32088db3650316f90dd300900831a3f6e66cb2",
        "is_verified": false,
        "line_number": 855
      }
    ],
    "Agentic-ai-self-service/backend/src/app/services/cfn_template_generator.py": [
      {
        "type": "Secret Keyword",
        "filename": "Agentic-ai-self-service/backend/src/app/services/cfn_template_generator.py",
        "hashed_secret": "67635ac9472c0b0370b522e8c02151be3eb13b08",
        "is_verified": false,
        "line_number": 3957
      },
      {
        "type": "Secret Keyword",
        "filename": "Agentic-ai-self-service/backend/src/app/services/cfn_template_generator.py",
        "hashed_secret": "ec3810e10fb78db55ce38b9c18d1c3eb1db739e0",
        "is_verified": false,
        "line_number": 10918
      }
    ],
    "Agentic-ai-self-service/backend/src/app/services/connectors.py": [
      {
        "type": "Secret Keyword",
        "filename": "Agentic-ai-self-service/backend/src/app/services/connectors.py",
        "hashed_secret": "665b1e3851eefefa3fb878654292f16597d25155",
        "is_verified": false,
        "line_number": 27
      }
    ],
    "Agentic-ai-self-service/backend/src/app/services/deployment_payload_validation.py": [
      {
        "type": "Hex High Entropy String",
        "filename": "Agentic-ai-self-service/backend/src/app/services/deployment_payload_validation.py",
        "hashed_secret": "f1b7f69d11a5878b44eab036510faf6e60586d7d",
        "is_verified": false,
        "line_number": 15
      }
    ],
    "Agentic-ai-self-service/backend/src/app/services/error_sanitizer.py": [
      {
        "type": "Secret Keyword",
        "filename": "Agentic-ai-self-service/backend/src/app/services/error_sanitizer.py",
        "hashed_secret": "2a0e8a3131cb2b5498e775a21215dd40c9ad1cda",
        "is_verified": false,
        "line_number": 128
      }
    ],
    "Agentic-ai-self-service/backend/src/app/services/gateway_deployer.py": [
      {
        "type": "Secret Keyword",
        "filename": "Agentic-ai-self-service/backend/src/app/services/gateway_deployer.py",
        "hashed_secret": "92f627e6114fde8ec8e85f5dc7eb0d8548926fd9",
        "is_verified": false,
        "line_number": 638
      },
      {
        "type": "Secret Keyword",
        "filename": "Agentic-ai-self-service/backend/src/app/services/gateway_deployer.py",
        "hashed_secret": "d7fd7ad909ceceb64db2ff741ad7077fa9c506fa",
        "is_verified": false,
        "line_number": 8849
      }
    ],
    "Agentic-ai-self-service/backend/src/app/services/memory_trace_lookup.py": [
      {
        "type": "Base64 High Entropy String",
        "filename": "Agentic-ai-self-service/backend/src/app/services/memory_trace_lookup.py",
        "hashed_secret": "e9390e774c0f87c81db624fc9d1981970df34027",
        "is_verified": false,
        "line_number": 51
      }
    ],
    "Agentic-ai-self-service/backend/tests/test_a_malformed_workflow_cannot_corrupt_the_record.py": [
      {
        "type": "Secret Keyword",
        "filename": "Agentic-ai-self-service/backend/tests/test_a_malformed_workflow_cannot_corrupt_the_record.py",
        "hashed_secret": "dc724af18fbdd4e59189f5fe768a5f8311527050",
        "is_verified": false,
        "line_number": 419
      }
    ],
    "Agentic-ai-self-service/backend/tests/test_a_scope_is_not_an_acl.py": [
      {
        "type": "Secret Keyword",
        "filename": "Agentic-ai-self-service/backend/tests/test_a_scope_is_not_an_acl.py",
        "hashed_secret": "643245cc5526a53190c25fcaa48731c68e867f33",
        "is_verified": false,
        "line_number": 44
      }
    ],
    "Agentic-ai-self-service/backend/tests/test_a_sigv4_header_is_not_a_user_token.py": [
      {
        "type": "JSON Web Token",
        "filename": "Agentic-ai-self-service/backend/tests/test_a_sigv4_header_is_not_a_user_token.py",
        "hashed_secret": "8516d61e7f5faad555bd84e1307cb591867c6c89",
        "is_verified": false,
        "line_number": 13
      }
    ],
    "Agentic-ai-self-service/backend/tests/test_a_tool_lambda_is_not_deleted_by_name.py": [
      {
        "type": "Hex High Entropy String",
        "filename": "Agentic-ai-self-service/backend/tests/test_a_tool_lambda_is_not_deleted_by_name.py",
        "hashed_secret": "e4f91dd323bac5bfc4f60a6e433787671dc2421d",
        "is_verified": false,
        "line_number": 512
      }
    ],
    "Agentic-ai-self-service/backend/tests/test_bundle_resolution_property.py": [
      {
        "type": "Base64 High Entropy String",
        "filename": "Agentic-ai-self-service/backend/tests/test_bundle_resolution_property.py",
        "hashed_secret": "991a191306a6e0ad9f3b1f8a3565f6b039dd8bfe",
        "is_verified": false,
        "line_number": 40
      },
      {
        "type": "Base64 High Entropy String",
        "filename": "Agentic-ai-self-service/backend/tests/test_bundle_resolution_property.py",
        "hashed_secret": "79a8afbe72a1d989b83ec4dbb7ad80356e1b43ff",
        "is_verified": false,
        "line_number": 62
      }
    ],
    "Agentic-ai-self-service/backend/tests/test_cfn_export_contract.py": [
      {
        "type": "Secret Keyword",
        "filename": "Agentic-ai-self-service/backend/tests/test_cfn_export_contract.py",
        "hashed_secret": "f84c2edcc9c104c23a263120b7e4e1d5720f97cd",
        "is_verified": false,
        "line_number": 770
      },
      {
        "type": "Secret Keyword",
        "filename": "Agentic-ai-self-service/backend/tests/test_cfn_export_contract.py",
        "hashed_secret": "03c49fe99f45b19127ecd4f9efb0746882af06f5",
        "is_verified": false,
        "line_number": 821
      },
      {
        "type": "Secret Keyword",
        "filename": "Agentic-ai-self-service/backend/tests/test_cfn_export_contract.py",
        "hashed_secret": "a9c169ac864b49566376d5db29913e79e7832222",
        "is_verified": false,
        "line_number": 822
      },
      {
        "type": "Secret Keyword",
        "filename": "Agentic-ai-self-service/backend/tests/test_cfn_export_contract.py",
        "hashed_secret": "fdedb9857769422fabf9d7ef1aeefc0e04b72044",
        "is_verified": false,
        "line_number": 828
      }
    ],
    "Agentic-ai-self-service/backend/tests/test_cfn_provider_handler.py": [
      {
        "type": "Secret Keyword",
        "filename": "Agentic-ai-self-service/backend/tests/test_cfn_provider_handler.py",
        "hashed_secret": "72ca8f48358699c8d08dffc5338cf01147945870",
        "is_verified": false,
        "line_number": 152
      },
      {
        "type": "Secret Keyword",
        "filename": "Agentic-ai-self-service/backend/tests/test_cfn_provider_handler.py",
        "hashed_secret": "b7196b6f3eb35d216a790fc5667f59b71b729c92",
        "is_verified": false,
        "line_number": 807
      },
      {
        "type": "Base64 High Entropy String",
        "filename": "Agentic-ai-self-service/backend/tests/test_cfn_provider_handler.py",
        "hashed_secret": "a5a7c11ffb0f99fdc34b43854b4c62e4a22664b2",
        "is_verified": false,
        "line_number": 1891
      },
      {
        "type": "Secret Keyword",
        "filename": "Agentic-ai-self-service/backend/tests/test_cfn_provider_handler.py",
        "hashed_secret": "230c3263911deabbc9bd6e3409627673003c4f02",
        "is_verified": false,
        "line_number": 2450
      },
      {
        "type": "Secret Keyword",
        "filename": "Agentic-ai-self-service/backend/tests/test_cfn_provider_handler.py",
        "hashed_secret": "bd9d94a30af8e8f826aa9aa45a28c00c8ddb1741",
        "is_verified": false,
        "line_number": 2495
      },
      {
        "type": "Secret Keyword",
        "filename": "Agentic-ai-self-service/backend/tests/test_cfn_provider_handler.py",
        "hashed_secret": "4eb461548f77260827af5d99496c591f276ad099",
        "is_verified": false,
        "line_number": 2516
      },
      {
        "type": "Base64 High Entropy String",
        "filename": "Agentic-ai-self-service/backend/tests/test_cfn_provider_handler.py",
        "hashed_secret": "3e8556caac63def3b829cd6b6ad6658dc89ddac8",
        "is_verified": false,
        "line_number": 2627
      },
      {
        "type": "Secret Keyword",
        "filename": "Agentic-ai-self-service/backend/tests/test_cfn_provider_handler.py",
        "hashed_secret": "3e8556caac63def3b829cd6b6ad6658dc89ddac8",
        "is_verified": false,
        "line_number": 2627
      },
      {
        "type": "Base64 High Entropy String",
        "filename": "Agentic-ai-self-service/backend/tests/test_cfn_provider_handler.py",
        "hashed_secret": "41a25ae05236b92193ed5d99d07c96e1265f7b67",
        "is_verified": false,
        "line_number": 2685
      }
    ],
    "Agentic-ai-self-service/backend/tests/test_client_secret_grants.py": [
      {
        "type": "Secret Keyword",
        "filename": "Agentic-ai-self-service/backend/tests/test_client_secret_grants.py",
        "hashed_secret": "093aa5408be2ebc751e480a5970e3dec3b11aaef",
        "is_verified": false,
        "line_number": 51
      }
    ],
    "Agentic-ai-self-service/backend/tests/test_comprehensive_preservation.py": [
      {
        "type": "Secret Keyword",
        "filename": "Agentic-ai-self-service/backend/tests/test_comprehensive_preservation.py",
        "hashed_secret": "03f5e2d670af3e9183f3fe790785b0d41291a17d",
        "is_verified": false,
        "line_number": 90
      }
    ],
    "Agentic-ai-self-service/backend/tests/test_config.py": [
      {
        "type": "Secret Keyword",
        "filename": "Agentic-ai-self-service/backend/tests/test_config.py",
        "hashed_secret": "dc724af18fbdd4e59189f5fe768a5f8311527050",
        "is_verified": false,
        "line_number": 168
      }
    ],
    "Agentic-ai-self-service/backend/tests/test_config_properties.py": [
      {
        "type": "Secret Keyword",
        "filename": "Agentic-ai-self-service/backend/tests/test_config_properties.py",
        "hashed_secret": "dc724af18fbdd4e59189f5fe768a5f8311527050",
        "is_verified": false,
        "line_number": 120
      }
    ],
    "Agentic-ai-self-service/backend/tests/test_connector_secrets_carry_the_identity_mode.py": [
      {
        "type": "Secret Keyword",
        "filename": "Agentic-ai-self-service/backend/tests/test_connector_secrets_carry_the_identity_mode.py",
        "hashed_secret": "4bc26a6f77f1c0b28693de9069885abc590297af",
        "is_verified": false,
        "line_number": 109
      },
      {
        "type": "Secret Keyword",
        "filename": "Agentic-ai-self-service/backend/tests/test_connector_secrets_carry_the_identity_mode.py",
        "hashed_secret": "512677f4b0717345ac0ca938c0dba209743d2b24",
        "is_verified": false,
        "line_number": 129
      }
    ],
    "Agentic-ai-self-service/backend/tests/test_connectors.py": [
      {
        "type": "Secret Keyword",
        "filename": "Agentic-ai-self-service/backend/tests/test_connectors.py",
        "hashed_secret": "e07521498df2a229be676f28241ec9882b259899",
        "is_verified": false,
        "line_number": 243
      },
      {
        "type": "Secret Keyword",
        "filename": "Agentic-ai-self-service/backend/tests/test_connectors.py",
        "hashed_secret": "92f627e6114fde8ec8e85f5dc7eb0d8548926fd9",
        "is_verified": false,
        "line_number": 263
      },
      {
        "type": "Secret Keyword",
        "filename": "Agentic-ai-self-service/backend/tests/test_connectors.py",
        "hashed_secret": "50b313e259b2be724b3123178f2e44ffb88eec19",
        "is_verified": false,
        "line_number": 302
      },
      {
        "type": "Secret Keyword",
        "filename": "Agentic-ai-self-service/backend/tests/test_connectors.py",
        "hashed_secret": "ed65477e87cda4b1180d02389e61a625a1eb1633",
        "is_verified": false,
        "line_number": 355
      },
      {
        "type": "Secret Keyword",
        "filename": "Agentic-ai-self-service/backend/tests/test_connectors.py",
        "hashed_secret": "d3f8eab3a1fd8007bfab5f2490af3fac133984e7",
        "is_verified": false,
        "line_number": 395
      },
      {
        "type": "Secret Keyword",
        "filename": "Agentic-ai-self-service/backend/tests/test_connectors.py",
        "hashed_secret": "0e40e52424f552e4dc666a51ff9b143b9d9258cd",
        "is_verified": false,
        "line_number": 445
      },
      {
        "type": "Secret Keyword",
        "filename": "Agentic-ai-self-service/backend/tests/test_connectors.py",
        "hashed_secret": "7fdbdfd1dd31a54c660d407e1662061b501d51d5",
        "is_verified": false,
        "line_number": 451
      }
    ],
    "Agentic-ai-self-service/backend/tests/test_cost_tracking.py": [
      {
        "type": "Base64 High Entropy String",
        "filename": "Agentic-ai-self-service/backend/tests/test_cost_tracking.py",
        "hashed_secret": "8418e92a014cdf3933ba75b30984fcf2c15d4673",
        "is_verified": false,
        "line_number": 399
      }
    ],
    "Agentic-ai-self-service/backend/tests/test_credential_provider_scoping.py": [
      {
        "type": "Secret Keyword",
        "filename": "Agentic-ai-self-service/backend/tests/test_credential_provider_scoping.py",
        "hashed_secret": "b50653c7794a2faf3b378b2fa9e1015eaf62b60f",
        "is_verified": false,
        "line_number": 109
      },
      {
        "type": "Secret Keyword",
        "filename": "Agentic-ai-self-service/backend/tests/test_credential_provider_scoping.py",
        "hashed_secret": "2685e1b49462d9bd59069ef08affc1abb4190cb6",
        "is_verified": false,
        "line_number": 128
      },
      {
        "type": "Secret Keyword",
        "filename": "Agentic-ai-self-service/backend/tests/test_credential_provider_scoping.py",
        "hashed_secret": "b9432858eec528564c3ae0129ff963c1653b0600",
        "is_verified": false,
        "line_number": 129
      },
      {
        "type": "Secret Keyword",
        "filename": "Agentic-ai-self-service/backend/tests/test_credential_provider_scoping.py",
        "hashed_secret": "f4b94db9b07c441201257035017152c81d8a5d8d",
        "is_verified": false,
        "line_number": 147
      },
      {
        "type": "Secret Keyword",
        "filename": "Agentic-ai-self-service/backend/tests/test_credential_provider_scoping.py",
        "hashed_secret": "89e2c9ca812668fc8d2d198ae46e0f5b751a15ab",
        "is_verified": false,
        "line_number": 165
      },
      {
        "type": "Secret Keyword",
        "filename": "Agentic-ai-self-service/backend/tests/test_credential_provider_scoping.py",
        "hashed_secret": "c90bb75eed4b7396325adc83412603c907b302c5",
        "is_verified": false,
        "line_number": 176
      },
      {
        "type": "Secret Keyword",
        "filename": "Agentic-ai-self-service/backend/tests/test_credential_provider_scoping.py",
        "hashed_secret": "fe72967536aedcae9b1b1e4eaf2c53494e17a638",
        "is_verified": false,
        "line_number": 215
      }
    ],
    "Agentic-ai-self-service/backend/tests/test_credential_provider_teardown.py": [
      {
        "type": "Secret Keyword",
        "filename": "Agentic-ai-self-service/backend/tests/test_credential_provider_teardown.py",
        "hashed_secret": "e5d3db477707ed7e063c4cc9f87449633c3337c4",
        "is_verified": false,
        "line_number": 213
      }
    ],
    "Agentic-ai-self-service/backend/tests/test_custom_resource_tag_propagation.py": [
      {
        "type": "Secret Keyword",
        "filename": "Agentic-ai-self-service/backend/tests/test_custom_resource_tag_propagation.py",
        "hashed_secret": "b19166a0d41fdfb692ad5f211dc4a7baf9103f3d",
        "is_verified": false,
        "line_number": 182
      },
      {
        "type": "Secret Keyword",
        "filename": "Agentic-ai-self-service/backend/tests/test_custom_resource_tag_propagation.py",
        "hashed_secret": "72ca8f48358699c8d08dffc5338cf01147945870",
        "is_verified": false,
        "line_number": 331
      },
      {
        "type": "Secret Keyword",
        "filename": "Agentic-ai-self-service/backend/tests/test_custom_resource_tag_propagation.py",
        "hashed_secret": "da94239581e1cc00b8e2f9f98f5780daec59d996",
        "is_verified": false,
        "line_number": 565
      },
      {
        "type": "Base64 High Entropy String",
        "filename": "Agentic-ai-self-service/backend/tests/test_custom_resource_tag_propagation.py",
        "hashed_secret": "83de0627f2223d10fadbb7573edb56cabb7ffee4",
        "is_verified": false,
        "line_number": 687
      }
    ],
    "Agentic-ai-self-service/backend/tests/test_delete_asks_iam_for_the_role_that_was_created.py": [
      {
        "type": "Secret Keyword",
        "filename": "Agentic-ai-self-service/backend/tests/test_delete_asks_iam_for_the_role_that_was_created.py",
        "hashed_secret": "af3a4a2b0cbbcebcf764ba51485aaa566850a18f",
        "is_verified": false,
        "line_number": 392
      }
    ],
    "Agentic-ai-self-service/backend/tests/test_deploy_gate_ordering.py": [
      {
        "type": "Secret Keyword",
        "filename": "Agentic-ai-self-service/backend/tests/test_deploy_gate_ordering.py",
        "hashed_secret": "c44186469a8046fdcdcac2da8ef98c4e7b086af1",
        "is_verified": false,
        "line_number": 53
      }
    ],
    "Agentic-ai-self-service/backend/tests/test_deployment_bound_secrets.py": [
      {
        "type": "Secret Keyword",
        "filename": "Agentic-ai-self-service/backend/tests/test_deployment_bound_secrets.py",
        "hashed_secret": "e3938fb581df126cdc2cc125dac2b34ee037a724",
        "is_verified": false,
        "line_number": 158
      },
      {
        "type": "Secret Keyword",
        "filename": "Agentic-ai-self-service/backend/tests/test_deployment_bound_secrets.py",
        "hashed_secret": "98891fc9dbc4d7280cdce028669844d1942a5469",
        "is_verified": false,
        "line_number": 203
      },
      {
        "type": "Secret Keyword",
        "filename": "Agentic-ai-self-service/backend/tests/test_deployment_bound_secrets.py",
        "hashed_secret": "f50ba7a085fb8b096f280ff117c0453184899d5f",
        "is_verified": false,
        "line_number": 328
      },
      {
        "type": "Secret Keyword",
        "filename": "Agentic-ai-self-service/backend/tests/test_deployment_bound_secrets.py",
        "hashed_secret": "f4d76480278106c6ba07716361eb701ef2c91458",
        "is_verified": false,
        "line_number": 334
      },
      {
        "type": "Secret Keyword",
        "filename": "Agentic-ai-self-service/backend/tests/test_deployment_bound_secrets.py",
        "hashed_secret": "2b99a56ef103d73502ae9218f56e3e062a970ae0",
        "is_verified": false,
        "line_number": 340
      },
      {
        "type": "Secret Keyword",
        "filename": "Agentic-ai-self-service/backend/tests/test_deployment_bound_secrets.py",
        "hashed_secret": "03ef9976f6a869c517332f70f65642a88b3effed",
        "is_verified": false,
        "line_number": 346
      },
      {
        "type": "Secret Keyword",
        "filename": "Agentic-ai-self-service/backend/tests/test_deployment_bound_secrets.py",
        "hashed_secret": "e09fef2a00259c6174f5d91484ff6017b3077a72",
        "is_verified": false,
        "line_number": 456
      },
      {
        "type": "Secret Keyword",
        "filename": "Agentic-ai-self-service/backend/tests/test_deployment_bound_secrets.py",
        "hashed_secret": "cfb70b429e1f581491ad8c7ca412cec6a3bfc44e",
        "is_verified": false,
        "line_number": 465
      },
      {
        "type": "Secret Keyword",
        "filename": "Agentic-ai-self-service/backend/tests/test_deployment_bound_secrets.py",
        "hashed_secret": "d139d00e2d3a29b957f143ca6072ce08c24595e9",
        "is_verified": false,
        "line_number": 473
      },
      {
        "type": "Secret Keyword",
        "filename": "Agentic-ai-self-service/backend/tests/test_deployment_bound_secrets.py",
        "hashed_secret": "6109d21c33f5edcd91f5f98ea44da31267590ce8",
        "is_verified": false,
        "line_number": 682
      },
      {
        "type": "Secret Keyword",
        "filename": "Agentic-ai-self-service/backend/tests/test_deployment_bound_secrets.py",
        "hashed_secret": "87af3c7146143f9b1c72b86e65e9530d07a94de0",
        "is_verified": false,
        "line_number": 754
      },
      {
        "type": "Secret Keyword",
        "filename": "Agentic-ai-self-service/backend/tests/test_deployment_bound_secrets.py",
        "hashed_secret": "51673b828b60b11c2f618301638b1828ac613888",
        "is_verified": false,
        "line_number": 789
      }
    ],
    "Agentic-ai-self-service/backend/tests/test_deployment_payload_validation.py": [
      {
        "type": "Hex High Entropy String",
        "filename": "Agentic-ai-self-service/backend/tests/test_deployment_payload_validation.py",
        "hashed_secret": "f1b7f69d11a5878b44eab036510faf6e60586d7d",
        "is_verified": false,
        "line_number": 57
      },
      {
        "type": "Secret Keyword",
        "filename": "Agentic-ai-self-service/backend/tests/test_deployment_payload_validation.py",
        "hashed_secret": "c44186469a8046fdcdcac2da8ef98c4e7b086af1",
        "is_verified": false,
        "line_number": 60
      },
      {
        "type": "Secret Keyword",
        "filename": "Agentic-ai-self-service/backend/tests/test_deployment_payload_validation.py",
        "hashed_secret": "9098afe063c25f46172ce93f0930b52f4e74d4ee",
        "is_verified": false,
        "line_number": 188
      },
      {
        "type": "Secret Keyword",
        "filename": "Agentic-ai-self-service/backend/tests/test_deployment_payload_validation.py",
        "hashed_secret": "40360c2e83da63d0ee32ed2fb5e61a7e1266b066",
        "is_verified": false,
        "line_number": 244
      },
      {
        "type": "Secret Keyword",
        "filename": "Agentic-ai-self-service/backend/tests/test_deployment_payload_validation.py",
        "hashed_secret": "5245b0e0a946a80bdc83e572daae5bdf537e3c32",
        "is_verified": false,
        "line_number": 834
      }
    ],
    "Agentic-ai-self-service/backend/tests/test_dynamodb_storage_properties.py": [
      {
        "type": "Secret Keyword",
        "filename": "Agentic-ai-self-service/backend/tests/test_dynamodb_storage_properties.py",
        "hashed_secret": "dc724af18fbdd4e59189f5fe768a5f8311527050",
        "is_verified": false,
        "line_number": 337
      }
    ],
    "Agentic-ai-self-service/backend/tests/test_error_details_never_leak_internals.py": [
      {
        "type": "AWS Access Key",
        "filename": "Agentic-ai-self-service/backend/tests/test_error_details_never_leak_internals.py",
        "hashed_secret": "25910f981e85ca04baf359199dd0bd4a3ae738b6",
        "is_verified": false,
        "line_number": 119
      },
      {
        "type": "AWS Access Key",
        "filename": "Agentic-ai-self-service/backend/tests/test_error_details_never_leak_internals.py",
        "hashed_secret": "e2430c08ed795a814722c7f6f0ce4d264661d501",
        "is_verified": false,
        "line_number": 120
      },
      {
        "type": "Base64 High Entropy String",
        "filename": "Agentic-ai-self-service/backend/tests/test_error_details_never_leak_internals.py",
        "hashed_secret": "0843415711c43f0e620228ee90eb25da21d4aa5c",
        "is_verified": false,
        "line_number": 122
      },
      {
        "type": "Secret Keyword",
        "filename": "Agentic-ai-self-service/backend/tests/test_error_details_never_leak_internals.py",
        "hashed_secret": "2a0e8a3131cb2b5498e775a21215dd40c9ad1cda",
        "is_verified": false,
        "line_number": 398
      },
      {
        "type": "Secret Keyword",
        "filename": "Agentic-ai-self-service/backend/tests/test_error_details_never_leak_internals.py",
        "hashed_secret": "b6a2501daa4ddc1256cd52473fa6737e764248f1",
        "is_verified": false,
        "line_number": 458
      }
    ],
    "Agentic-ai-self-service/backend/tests/test_every_aws_tag_write_is_governed.py": [
      {
        "type": "Secret Keyword",
        "filename": "Agentic-ai-self-service/backend/tests/test_every_aws_tag_write_is_governed.py",
        "hashed_secret": "b752d44064dc26796922e8e3ee85e15e859744c4",
        "is_verified": false,
        "line_number": 235
      }
    ],
    "Agentic-ai-self-service/backend/tests/test_exploration_bugs.py": [
      {
        "type": "Secret Keyword",
        "filename": "Agentic-ai-self-service/backend/tests/test_exploration_bugs.py",
        "hashed_secret": "03f5e2d670af3e9183f3fe790785b0d41291a17d",
        "is_verified": false,
        "line_number": 56
      }
    ],
    "Agentic-ai-self-service/backend/tests/test_gateway_cleanup_failure_labels.py": [
      {
        "type": "Secret Keyword",
        "filename": "Agentic-ai-self-service/backend/tests/test_gateway_cleanup_failure_labels.py",
        "hashed_secret": "d27183a9e5485bfcb0149ac7979499561605f43e",
        "is_verified": false,
        "line_number": 37
      }
    ],
    "Agentic-ai-self-service/backend/tests/test_gateway_defects_matrix.py": [
      {
        "type": "Secret Keyword",
        "filename": "Agentic-ai-self-service/backend/tests/test_gateway_defects_matrix.py",
        "hashed_secret": "938b47518dd8c33fd7d1a7bd8c85b719a97077ce",
        "is_verified": false,
        "line_number": 100
      }
    ],
    "Agentic-ai-self-service/backend/tests/test_gateway_deployer_ssrf.py": [
      {
        "type": "Secret Keyword",
        "filename": "Agentic-ai-self-service/backend/tests/test_gateway_deployer_ssrf.py",
        "hashed_secret": "0c731a5f1dc781894b434c27b9f6a9cd9d9bdfcb",
        "is_verified": false,
        "line_number": 250
      }
    ],
    "Agentic-ai-self-service/backend/tests/test_gateway_empty_tool_plane_retry.py": [
      {
        "type": "Secret Keyword",
        "filename": "Agentic-ai-self-service/backend/tests/test_gateway_empty_tool_plane_retry.py",
        "hashed_secret": "8ef90123d143e441d12b32ddffa048bf8162f2f6",
        "is_verified": false,
        "line_number": 45
      },
      {
        "type": "Secret Keyword",
        "filename": "Agentic-ai-self-service/backend/tests/test_gateway_empty_tool_plane_retry.py",
        "hashed_secret": "8b39cc43ccf91341f3a7d49083ccd6c97c17d65c",
        "is_verified": false,
        "line_number": 270
      },
      {
        "type": "Secret Keyword",
        "filename": "Agentic-ai-self-service/backend/tests/test_gateway_empty_tool_plane_retry.py",
        "hashed_secret": "5f35fc34a8c36e4b4dc9f7b584a114c39b972696",
        "is_verified": false,
        "line_number": 770
      },
      {
        "type": "Secret Keyword",
        "filename": "Agentic-ai-self-service/backend/tests/test_gateway_empty_tool_plane_retry.py",
        "hashed_secret": "30378d7c1526c804eb173f87f3713ae8ce6d3c7f",
        "is_verified": false,
        "line_number": 823
      }
    ],
    "Agentic-ai-self-service/backend/tests/test_gateway_graph_stays_whole.py": [
      {
        "type": "Secret Keyword",
        "filename": "Agentic-ai-self-service/backend/tests/test_gateway_graph_stays_whole.py",
        "hashed_secret": "7633f7e424db3d26e4938b6c4481944fdec30c66",
        "is_verified": false,
        "line_number": 86
      }
    ],
    "Agentic-ai-self-service/backend/tests/test_gateway_shared_cognito_pool.py": [
      {
        "type": "Secret Keyword",
        "filename": "Agentic-ai-self-service/backend/tests/test_gateway_shared_cognito_pool.py",
        "hashed_secret": "8ef90123d143e441d12b32ddffa048bf8162f2f6",
        "is_verified": false,
        "line_number": 99
      }
    ],
    "Agentic-ai-self-service/backend/tests/test_generated_browser_tool.py": [
      {
        "type": "Secret Keyword",
        "filename": "Agentic-ai-self-service/backend/tests/test_generated_browser_tool.py",
        "hashed_secret": "49ec8b3a56cb0baae3f8a2a0daea2161e19e2715",
        "is_verified": false,
        "line_number": 26
      },
      {
        "type": "Basic Auth Credentials",
        "filename": "Agentic-ai-self-service/backend/tests/test_generated_browser_tool.py",
        "hashed_secret": "1a91d62f7ca67399625a4368a6ab5d4a3baa6073",
        "is_verified": false,
        "line_number": 280
      }
    ],
    "Agentic-ai-self-service/backend/tests/test_generated_memory_agent_has_no_shared_identity.py": [
      {
        "type": "Hex High Entropy String",
        "filename": "Agentic-ai-self-service/backend/tests/test_generated_memory_agent_has_no_shared_identity.py",
        "hashed_secret": "b1775a785f09a6ebaf2dc33d6eaeb98974d9cdb8",
        "is_verified": false,
        "line_number": 26
      }
    ],
    "Agentic-ai-self-service/backend/tests/test_generated_scripts_are_not_injectable.py": [
      {
        "type": "Basic Auth Credentials",
        "filename": "Agentic-ai-self-service/backend/tests/test_generated_scripts_are_not_injectable.py",
        "hashed_secret": "9d4e1e23bd5b727046a9e3b4b7db57bd8d6ee684",
        "is_verified": false,
        "line_number": 467
      }
    ],
    "Agentic-ai-self-service/backend/tests/test_git_sync.py": [
      {
        "type": "Secret Keyword",
        "filename": "Agentic-ai-self-service/backend/tests/test_git_sync.py",
        "hashed_secret": "8695415fd0d8374b37c33b93374b3d23ad2144b3",
        "is_verified": false,
        "line_number": 387
      }
    ],
    "Agentic-ai-self-service/backend/tests/test_governance_tags_reach_live_resources.py": [
      {
        "type": "Secret Keyword",
        "filename": "Agentic-ai-self-service/backend/tests/test_governance_tags_reach_live_resources.py",
        "hashed_secret": "a2b35e7a964fbcc8f872be78811e8a736a1b8f9e",
        "is_verified": false,
        "line_number": 120
      },
      {
        "type": "Secret Keyword",
        "filename": "Agentic-ai-self-service/backend/tests/test_governance_tags_reach_live_resources.py",
        "hashed_secret": "51cd74fe4ac3e6fa04f029bdf05f10846d2a5902",
        "is_verified": false,
        "line_number": 160
      },
      {
        "type": "Secret Keyword",
        "filename": "Agentic-ai-self-service/backend/tests/test_governance_tags_reach_live_resources.py",
        "hashed_secret": "0cfbd712ab1a5c57be52900cddfca0f492ea598e",
        "is_verified": false,
        "line_number": 417
      }
    ],
    "Agentic-ai-self-service/backend/tests/test_harness_deployer.py": [
      {
        "type": "Secret Keyword",
        "filename": "Agentic-ai-self-service/backend/tests/test_harness_deployer.py",
        "hashed_secret": "9da83872cee4676f8c2033177d66586a2fa16a18",
        "is_verified": false,
        "line_number": 141
      },
      {
        "type": "Secret Keyword",
        "filename": "Agentic-ai-self-service/backend/tests/test_harness_deployer.py",
        "hashed_secret": "1920a4fdb8b0fe2aaaa1675d523299f2e52e33c1",
        "is_verified": false,
        "line_number": 177
      },
      {
        "type": "Hex High Entropy String",
        "filename": "Agentic-ai-self-service/backend/tests/test_harness_deployer.py",
        "hashed_secret": "be3f12e9fdf3315f52f878060d03c31dd25f066f",
        "is_verified": false,
        "line_number": 550
      },
      {
        "type": "Hex High Entropy String",
        "filename": "Agentic-ai-self-service/backend/tests/test_harness_deployer.py",
        "hashed_secret": "2aba38cc4f4e38f971ca514225d2e86b0fe2cc94",
        "is_verified": false,
        "line_number": 558
      },
      {
        "type": "Hex High Entropy String",
        "filename": "Agentic-ai-self-service/backend/tests/test_harness_deployer.py",
        "hashed_secret": "8a93a124ef07780fe4cea00f33de646e94d430f6",
        "is_verified": false,
        "line_number": 566
      }
    ],
    "Agentic-ai-self-service/backend/tests/test_kb_resource_authorization.py": [
      {
        "type": "Secret Keyword",
        "filename": "Agentic-ai-self-service/backend/tests/test_kb_resource_authorization.py",
        "hashed_secret": "8899e3a97ca8e2234edc167e065a5a5b00baa742",
        "is_verified": false,
        "line_number": 248
      }
    ],
    "Agentic-ai-self-service/backend/tests/test_legacy_client_secret_is_never_served.py": [
      {
        "type": "Secret Keyword",
        "filename": "Agentic-ai-self-service/backend/tests/test_legacy_client_secret_is_never_served.py",
        "hashed_secret": "264c2ce79516c4f6d4fc2280f5dc1ce27cac9d6e",
        "is_verified": false,
        "line_number": 31
      },
      {
        "type": "Secret Keyword",
        "filename": "Agentic-ai-self-service/backend/tests/test_legacy_client_secret_is_never_served.py",
        "hashed_secret": "f715cb783ad3c331284b66220e873a5dde592571",
        "is_verified": false,
        "line_number": 33
      }
    ],
    "Agentic-ai-self-service/backend/tests/test_litellm_gateway.py": [
      {
        "type": "Secret Keyword",
        "filename": "Agentic-ai-self-service/backend/tests/test_litellm_gateway.py",
        "hashed_secret": "13951588fd3325e25ed1e3b116d7009fb221c85e",
        "is_verified": false,
        "line_number": 256
      },
      {
        "type": "Secret Keyword",
        "filename": "Agentic-ai-self-service/backend/tests/test_litellm_gateway.py",
        "hashed_secret": "fe72967536aedcae9b1b1e4eaf2c53494e17a638",
        "is_verified": false,
        "line_number": 308
      },
      {
        "type": "Secret Keyword",
        "filename": "Agentic-ai-self-service/backend/tests/test_litellm_gateway.py",
        "hashed_secret": "55b3ba644cfaa9eb08d22a80ee5f169770fe8b83",
        "is_verified": false,
        "line_number": 568
      },
      {
        "type": "Secret Keyword",
        "filename": "Agentic-ai-self-service/backend/tests/test_litellm_gateway.py",
        "hashed_secret": "a5897dbdaab96dc975149fc752d1f7e99894b07b",
        "is_verified": false,
        "line_number": 688
      },
      {
        "type": "Secret Keyword",
        "filename": "Agentic-ai-self-service/backend/tests/test_litellm_gateway.py",
        "hashed_secret": "d49a32fb15b12579c7cb3d6929a37ffb4fff0b7d",
        "is_verified": false,
        "line_number": 757
      },
      {
        "type": "Secret Keyword",
        "filename": "Agentic-ai-self-service/backend/tests/test_litellm_gateway.py",
        "hashed_secret": "51cf6dd7b10e7340b8f7c62d9fcaff58f6767e52",
        "is_verified": false,
        "line_number": 758
      },
      {
        "type": "Secret Keyword",
        "filename": "Agentic-ai-self-service/backend/tests/test_litellm_gateway.py",
        "hashed_secret": "c0745ace1096f365f28b434a3134a31caf7666cd",
        "is_verified": false,
        "line_number": 912
      },
      {
        "type": "Secret Keyword",
        "filename": "Agentic-ai-self-service/backend/tests/test_litellm_gateway.py",
        "hashed_secret": "e5d3db477707ed7e063c4cc9f87449633c3337c4",
        "is_verified": false,
        "line_number": 1019
      },
      {
        "type": "Secret Keyword",
        "filename": "Agentic-ai-self-service/backend/tests/test_litellm_gateway.py",
        "hashed_secret": "70be7cdaea7ac12e48169f7509d1701d0ddd5bb4",
        "is_verified": false,
        "line_number": 1137
      }
    ],
    "Agentic-ai-self-service/backend/tests/test_litellm_gating.py": [
      {
        "type": "Secret Keyword",
        "filename": "Agentic-ai-self-service/backend/tests/test_litellm_gating.py",
        "hashed_secret": "818aa2c6222e1983036d3c1b07da5d5b3cca660d",
        "is_verified": false,
        "line_number": 60
      }
    ],
    "Agentic-ai-self-service/backend/tests/test_litellm_ssrf_sink.py": [
      {
        "type": "Secret Keyword",
        "filename": "Agentic-ai-self-service/backend/tests/test_litellm_ssrf_sink.py",
        "hashed_secret": "58801e3391955d7ee7d51ba293351c3176f5b682",
        "is_verified": false,
        "line_number": 100
      }
    ],
    "Agentic-ai-self-service/backend/tests/test_mcp_catalog.py": [
      {
        "type": "Secret Keyword",
        "filename": "Agentic-ai-self-service/backend/tests/test_mcp_catalog.py",
        "hashed_secret": "591a210afa168e713f2e2193e439a7ed25bdc677",
        "is_verified": false,
        "line_number": 134
      },
      {
        "type": "Secret Keyword",
        "filename": "Agentic-ai-self-service/backend/tests/test_mcp_catalog.py",
        "hashed_secret": "ae291c204ec3c5a39a051c1684ad8fb38e7fc033",
        "is_verified": false,
        "line_number": 153
      },
      {
        "type": "Secret Keyword",
        "filename": "Agentic-ai-self-service/backend/tests/test_mcp_catalog.py",
        "hashed_secret": "f46e825fa5cf4bee94d595c321a3aecb65bc8c48",
        "is_verified": false,
        "line_number": 169
      },
      {
        "type": "Secret Keyword",
        "filename": "Agentic-ai-self-service/backend/tests/test_mcp_catalog.py",
        "hashed_secret": "fe72967536aedcae9b1b1e4eaf2c53494e17a638",
        "is_verified": false,
        "line_number": 392
      }
    ],
    "Agentic-ai-self-service/backend/tests/test_mcp_runtime_prewarm_auth.py": [
      {
        "type": "Secret Keyword",
        "filename": "Agentic-ai-self-service/backend/tests/test_mcp_runtime_prewarm_auth.py",
        "hashed_secret": "51af331f40bb4cc1d83e3718abd01cc246fd71fa",
        "is_verified": false,
        "line_number": 297
      }
    ],
    "Agentic-ai-self-service/backend/tests/test_memory_agent_prefers_the_current_conversation.py": [
      {
        "type": "Hex High Entropy String",
        "filename": "Agentic-ai-self-service/backend/tests/test_memory_agent_prefers_the_current_conversation.py",
        "hashed_secret": "b1775a785f09a6ebaf2dc33d6eaeb98974d9cdb8",
        "is_verified": false,
        "line_number": 23
      }
    ],
    "Agentic-ai-self-service/backend/tests/test_memory_trace_lookup.py": [
      {
        "type": "Hex High Entropy String",
        "filename": "Agentic-ai-self-service/backend/tests/test_memory_trace_lookup.py",
        "hashed_secret": "f5d31bd82981253cc6d473d3e257f72b0ba6d076",
        "is_verified": false,
        "line_number": 20
      },
      {
        "type": "Hex High Entropy String",
        "filename": "Agentic-ai-self-service/backend/tests/test_memory_trace_lookup.py",
        "hashed_secret": "4e1ea7afe05e8026cec3ec67564906948201392a",
        "is_verified": false,
        "line_number": 63
      },
      {
        "type": "Hex High Entropy String",
        "filename": "Agentic-ai-self-service/backend/tests/test_memory_trace_lookup.py",
        "hashed_secret": "bb25106597c573a7c97a07e4c5e4b61109199a68",
        "is_verified": false,
        "line_number": 64
      }
    ],
    "Agentic-ai-self-service/backend/tests/test_models_property.py": [
      {
        "type": "Secret Keyword",
        "filename": "Agentic-ai-self-service/backend/tests/test_models_property.py",
        "hashed_secret": "aadb66aa192ab7df077698a87af2198acb529772",
        "is_verified": false,
        "line_number": 216
      }
    ],
    "Agentic-ai-self-service/backend/tests/test_oauth_provider_conflict_errors_propagate.py": [
      {
        "type": "Secret Keyword",
        "filename": "Agentic-ai-self-service/backend/tests/test_oauth_provider_conflict_errors_propagate.py",
        "hashed_secret": "d77abcaa4bcb260518b141d11b932e505353f872",
        "is_verified": false,
        "line_number": 62
      }
    ],
    "Agentic-ai-self-service/backend/tests/test_obo_credential_provider.py": [
      {
        "type": "Secret Keyword",
        "filename": "Agentic-ai-self-service/backend/tests/test_obo_credential_provider.py",
        "hashed_secret": "43b5a7ccc96b402d0fc814b5e03f8e23c2d9d1d8",
        "is_verified": false,
        "line_number": 38
      }
    ],
    "Agentic-ai-self-service/backend/tests/test_observability.py": [
      {
        "type": "Secret Keyword",
        "filename": "Agentic-ai-self-service/backend/tests/test_observability.py",
        "hashed_secret": "a7b8035f9d1c40575f9de1538f55046a842d1e2d",
        "is_verified": false,
        "line_number": 50
      },
      {
        "type": "Secret Keyword",
        "filename": "Agentic-ai-self-service/backend/tests/test_observability.py",
        "hashed_secret": "9315a15ab703c3921866a41642fb6ab05912052a",
        "is_verified": false,
        "line_number": 77
      },
      {
        "type": "Secret Keyword",
        "filename": "Agentic-ai-self-service/backend/tests/test_observability.py",
        "hashed_secret": "bcb3b68699bd6ae7d7c5d575068d869d8c69ba0f",
        "is_verified": false,
        "line_number": 380
      },
      {
        "type": "Secret Keyword",
        "filename": "Agentic-ai-self-service/backend/tests/test_observability.py",
        "hashed_secret": "09a26f7334cbda2c27051b7776b0737268c0173c",
        "is_verified": false,
        "line_number": 413
      }
    ],
    "Agentic-ai-self-service/backend/tests/test_per_agent_identity.py": [
      {
        "type": "Base64 High Entropy String",
        "filename": "Agentic-ai-self-service/backend/tests/test_per_agent_identity.py",
        "hashed_secret": "e3984cf8d3e5e87a07a61c4a181596742ad43a17",
        "is_verified": false,
        "line_number": 303
      }
    ],
    "Agentic-ai-self-service/backend/tests/test_platform_defaults_wire_shape.py": [
      {
        "type": "Secret Keyword",
        "filename": "Agentic-ai-self-service/backend/tests/test_platform_defaults_wire_shape.py",
        "hashed_secret": "5e646bdd7f18a0e642eeb886021df2143015d5af",
        "is_verified": false,
        "line_number": 42
      }
    ],
    "Agentic-ai-self-service/backend/tests/test_prefixed_credential_keys_never_persist.py": [
      {
        "type": "Base64 High Entropy String",
        "filename": "Agentic-ai-self-service/backend/tests/test_prefixed_credential_keys_never_persist.py",
        "hashed_secret": "4bd0e9d2a331f78aae6de91f8ea8d8360bf9c254",
        "is_verified": false,
        "line_number": 32
      },
      {
        "type": "Secret Keyword",
        "filename": "Agentic-ai-self-service/backend/tests/test_prefixed_credential_keys_never_persist.py",
        "hashed_secret": "27b924db06a28cc755fb07c54f0fddc30659fe4d",
        "is_verified": false,
        "line_number": 80
      },
      {
        "type": "Secret Keyword",
        "filename": "Agentic-ai-self-service/backend/tests/test_prefixed_credential_keys_never_persist.py",
        "hashed_secret": "200ba07d70ae439d591f9f01ee8ce39c9c77c507",
        "is_verified": false,
        "line_number": 82
      },
      {
        "type": "Secret Keyword",
        "filename": "Agentic-ai-self-service/backend/tests/test_prefixed_credential_keys_never_persist.py",
        "hashed_secret": "1a91d62f7ca67399625a4368a6ab5d4a3baa6073",
        "is_verified": false,
        "line_number": 85
      },
      {
        "type": "AWS Access Key",
        "filename": "Agentic-ai-self-service/backend/tests/test_prefixed_credential_keys_never_persist.py",
        "hashed_secret": "43ac72f576d973b3a7311a3a349e6e96811692ad",
        "is_verified": false,
        "line_number": 92
      }
    ],
    "Agentic-ai-self-service/backend/tests/test_preservation.py": [
      {
        "type": "Secret Keyword",
        "filename": "Agentic-ai-self-service/backend/tests/test_preservation.py",
        "hashed_secret": "03f5e2d670af3e9183f3fe790785b0d41291a17d",
        "is_verified": false,
        "line_number": 69
      }
    ],
    "Agentic-ai-self-service/backend/tests/test_promote_route_reports_409_on_slot_conflict.py": [
      {
        "type": "Hex High Entropy String",
        "filename": "Agentic-ai-self-service/backend/tests/test_promote_route_reports_409_on_slot_conflict.py",
        "hashed_secret": "7804a85e16a469d4d87898b95bc24553982e34b1",
        "is_verified": false,
        "line_number": 26
      },
      {
        "type": "Hex High Entropy String",
        "filename": "Agentic-ai-self-service/backend/tests/test_promote_route_reports_409_on_slot_conflict.py",
        "hashed_secret": "4dfa5797210fc544b08c5b3f3e80cbbfa311bbf7",
        "is_verified": false,
        "line_number": 27
      }
    ],
    "Agentic-ai-self-service/backend/tests/test_provider_credentials.py": [
      {
        "type": "Basic Auth Credentials",
        "filename": "Agentic-ai-self-service/backend/tests/test_provider_credentials.py",
        "hashed_secret": "1a91d62f7ca67399625a4368a6ab5d4a3baa6073",
        "is_verified": false,
        "line_number": 168
      }
    ],
    "Agentic-ai-self-service/backend/tests/test_provider_credentials_router.py": [
      {
        "type": "Secret Keyword",
        "filename": "Agentic-ai-self-service/backend/tests/test_provider_credentials_router.py",
        "hashed_secret": "908ac152e54bb4ec31cc1d7d5b186da7a42f9568",
        "is_verified": false,
        "line_number": 84
      }
    ],
    "Agentic-ai-self-service/backend/tests/test_python_exporter.py": [
      {
        "type": "Secret Keyword",
        "filename": "Agentic-ai-self-service/backend/tests/test_python_exporter.py",
        "hashed_secret": "d2da8a84d74c8583c56386f8c69e4bc5881da175",
        "is_verified": false,
        "line_number": 140
      },
      {
        "type": "Secret Keyword",
        "filename": "Agentic-ai-self-service/backend/tests/test_python_exporter.py",
        "hashed_secret": "85ac9cdb03f3821b3b191a70ad435dee7a93b6da",
        "is_verified": false,
        "line_number": 485
      },
      {
        "type": "Secret Keyword",
        "filename": "Agentic-ai-self-service/backend/tests/test_python_exporter.py",
        "hashed_secret": "819a63a4357f8ea0a07e029a56bb8463315c7e51",
        "is_verified": false,
        "line_number": 486
      },
      {
        "type": "Base64 High Entropy String",
        "filename": "Agentic-ai-self-service/backend/tests/test_python_exporter.py",
        "hashed_secret": "20e34e18066ebc8ba1c6e78e3dc06b23bc4971a5",
        "is_verified": false,
        "line_number": 520
      }
    ],
    "Agentic-ai-self-service/backend/tests/test_raw_credentials_never_persist.py": [
      {
        "type": "Base64 High Entropy String",
        "filename": "Agentic-ai-self-service/backend/tests/test_raw_credentials_never_persist.py",
        "hashed_secret": "56a1922f3514e577c67c0a7783409c28a4e72b66",
        "is_verified": false,
        "line_number": 31
      },
      {
        "type": "Secret Keyword",
        "filename": "Agentic-ai-self-service/backend/tests/test_raw_credentials_never_persist.py",
        "hashed_secret": "200ba07d70ae439d591f9f01ee8ce39c9c77c507",
        "is_verified": false,
        "line_number": 76
      }
    ],
    "Agentic-ai-self-service/backend/tests/test_raw_exception_text_is_redacted_at_the_seams.py": [
      {
        "type": "Secret Keyword",
        "filename": "Agentic-ai-self-service/backend/tests/test_raw_exception_text_is_redacted_at_the_seams.py",
        "hashed_secret": "7ef80d759813b4a25e105fea525f42ed7787718e",
        "is_verified": false,
        "line_number": 17
      }
    ],
    "Agentic-ai-self-service/backend/tests/test_region_model_prefix.py": [
      {
        "type": "AWS Access Key",
        "filename": "Agentic-ai-self-service/backend/tests/test_region_model_prefix.py",
        "hashed_secret": "25910f981e85ca04baf359199dd0bd4a3ae738b6",
        "is_verified": false,
        "line_number": 507
      }
    ],
    "Agentic-ai-self-service/backend/tests/test_registry_providers.py": [
      {
        "type": "Secret Keyword",
        "filename": "Agentic-ai-self-service/backend/tests/test_registry_providers.py",
        "hashed_secret": "818aa2c6222e1983036d3c1b07da5d5b3cca660d",
        "is_verified": false,
        "line_number": 272
      },
      {
        "type": "Secret Keyword",
        "filename": "Agentic-ai-self-service/backend/tests/test_registry_providers.py",
        "hashed_secret": "fe72967536aedcae9b1b1e4eaf2c53494e17a638",
        "is_verified": false,
        "line_number": 554
      },
      {
        "type": "Secret Keyword",
        "filename": "Agentic-ai-self-service/backend/tests/test_registry_providers.py",
        "hashed_secret": "7827744aabba07573681773f894f77fd8b3f4347",
        "is_verified": false,
        "line_number": 580
      }
    ],
    "Agentic-ai-self-service/backend/tests/test_requirements_empty_property.py": [
      {
        "type": "Base64 High Entropy String",
        "filename": "Agentic-ai-self-service/backend/tests/test_requirements_empty_property.py",
        "hashed_secret": "991a191306a6e0ad9f3b1f8a3565f6b039dd8bfe",
        "is_verified": false,
        "line_number": 41
      },
      {
        "type": "Base64 High Entropy String",
        "filename": "Agentic-ai-self-service/backend/tests/test_requirements_empty_property.py",
        "hashed_secret": "cd2830c846b9f81265342b002ed78d90efd86120",
        "is_verified": false,
        "line_number": 73
      }
    ],
    "Agentic-ai-self-service/backend/tests/test_runtime_log_governance.py": [
      {
        "type": "Base64 High Entropy String",
        "filename": "Agentic-ai-self-service/backend/tests/test_runtime_log_governance.py",
        "hashed_secret": "89ebe5bca684412c9d44abcc815719dc4a85310c",
        "is_verified": false,
        "line_number": 26
      }
    ],
    "Agentic-ai-self-service/backend/tests/test_runtime_slot_invocation.py": [
      {
        "type": "Hex High Entropy String",
        "filename": "Agentic-ai-self-service/backend/tests/test_runtime_slot_invocation.py",
        "hashed_secret": "7804a85e16a469d4d87898b95bc24553982e34b1",
        "is_verified": false,
        "line_number": 27
      },
      {
        "type": "Hex High Entropy String",
        "filename": "Agentic-ai-self-service/backend/tests/test_runtime_slot_invocation.py",
        "hashed_secret": "4dfa5797210fc544b08c5b3f3e80cbbfa311bbf7",
        "is_verified": false,
        "line_number": 28
      },
      {
        "type": "Secret Keyword",
        "filename": "Agentic-ai-self-service/backend/tests/test_runtime_slot_invocation.py",
        "hashed_secret": "20135a82b7a62a344242bb5c8d07cd75ec4c5b5e",
        "is_verified": false,
        "line_number": 216
      }
    ],
    "Agentic-ai-self-service/backend/tests/test_serialization_properties.py": [
      {
        "type": "Base64 High Entropy String",
        "filename": "Agentic-ai-self-service/backend/tests/test_serialization_properties.py",
        "hashed_secret": "8eb6a2543a00fa38b9a717242e592d4afa7f80cf",
        "is_verified": false,
        "line_number": 326
      }
    ],
    "Agentic-ai-self-service/backend/tests/test_shared_cognito_pool_region_routing.py": [
      {
        "type": "Secret Keyword",
        "filename": "Agentic-ai-self-service/backend/tests/test_shared_cognito_pool_region_routing.py",
        "hashed_secret": "d54da1bc883f55f2bcc749d600525bf994c1af8a",
        "is_verified": false,
        "line_number": 22
      },
      {
        "type": "Secret Keyword",
        "filename": "Agentic-ai-self-service/backend/tests/test_shared_cognito_pool_region_routing.py",
        "hashed_secret": "c2537c5f04c89f37906abfc1e9baacb29173ff39",
        "is_verified": false,
        "line_number": 41
      }
    ],
    "Agentic-ai-self-service/backend/tests/test_shared_pool_account_session_routing.py": [
      {
        "type": "Secret Keyword",
        "filename": "Agentic-ai-self-service/backend/tests/test_shared_pool_account_session_routing.py",
        "hashed_secret": "6e57971248c02d86cc6320749b0920206560f32d",
        "is_verified": false,
        "line_number": 55
      }
    ],
    "Agentic-ai-self-service/backend/tests/test_standalone_mcp_model_free_paths.py": [
      {
        "type": "Secret Keyword",
        "filename": "Agentic-ai-self-service/backend/tests/test_standalone_mcp_model_free_paths.py",
        "hashed_secret": "8aa6deaf18b15f74ade10cc400e65b09be5486a2",
        "is_verified": false,
        "line_number": 19
      }
    ],
    "Agentic-ai-self-service/backend/tests/test_teardown_verdict_is_fail_closed.py": [
      {
        "type": "Base64 High Entropy String",
        "filename": "Agentic-ai-self-service/backend/tests/test_teardown_verdict_is_fail_closed.py",
        "hashed_secret": "43e8fc631b74af161af2176b700310aae7408b2f",
        "is_verified": false,
        "line_number": 302
      }
    ],
    "Agentic-ai-self-service/backend/tests/test_the_canvas_decides_what_gets_wired.py": [
      {
        "type": "Secret Keyword",
        "filename": "Agentic-ai-self-service/backend/tests/test_the_canvas_decides_what_gets_wired.py",
        "hashed_secret": "e7b00a65e5f3499cb8666676659869db706e27cd",
        "is_verified": false,
        "line_number": 57
      }
    ],
    "Agentic-ai-self-service/backend/tests/test_the_export_carries_configured_gateway_targets.py": [
      {
        "type": "Secret Keyword",
        "filename": "Agentic-ai-self-service/backend/tests/test_the_export_carries_configured_gateway_targets.py",
        "hashed_secret": "9aef8dda3b49f4d742bf9c2d737cf72d5ecbfd76",
        "is_verified": false,
        "line_number": 195
      }
    ],
    "Agentic-ai-self-service/backend/tests/test_the_export_refuses_what_it_cannot_express.py": [
      {
        "type": "Secret Keyword",
        "filename": "Agentic-ai-self-service/backend/tests/test_the_export_refuses_what_it_cannot_express.py",
        "hashed_secret": "0f37a0d6600b5edc6016b6182996ed6cf78564e9",
        "is_verified": false,
        "line_number": 115
      }
    ],
    "Agentic-ai-self-service/backend/tests/test_the_provider_api_key_travels_by_reference.py": [
      {
        "type": "Secret Keyword",
        "filename": "Agentic-ai-self-service/backend/tests/test_the_provider_api_key_travels_by_reference.py",
        "hashed_secret": "7650a87853255793b8e1721b1def00a9818ef686",
        "is_verified": false,
        "line_number": 406
      },
      {
        "type": "Secret Keyword",
        "filename": "Agentic-ai-self-service/backend/tests/test_the_provider_api_key_travels_by_reference.py",
        "hashed_secret": "76b6e94a93ec3686351ccba4453ad1d1b2a1e92f",
        "is_verified": false,
        "line_number": 407
      },
      {
        "type": "Secret Keyword",
        "filename": "Agentic-ai-self-service/backend/tests/test_the_provider_api_key_travels_by_reference.py",
        "hashed_secret": "09431ecc8343bf20a3f32c915026a38cd5eb7df6",
        "is_verified": false,
        "line_number": 408
      },
      {
        "type": "Secret Keyword",
        "filename": "Agentic-ai-self-service/backend/tests/test_the_provider_api_key_travels_by_reference.py",
        "hashed_secret": "4f878bb09f4faec24e495b998b3113a88c4e9870",
        "is_verified": false,
        "line_number": 846
      },
      {
        "type": "Secret Keyword",
        "filename": "Agentic-ai-self-service/backend/tests/test_the_provider_api_key_travels_by_reference.py",
        "hashed_secret": "a211b456bae9a0d7c92f9163b852937ef5c3d46b",
        "is_verified": false,
        "line_number": 847
      }
    ],
    "Agentic-ai-self-service/backend/tests/test_the_warmup_is_not_a_memory_turn.py": [
      {
        "type": "Hex High Entropy String",
        "filename": "Agentic-ai-self-service/backend/tests/test_the_warmup_is_not_a_memory_turn.py",
        "hashed_secret": "b1775a785f09a6ebaf2dc33d6eaeb98974d9cdb8",
        "is_verified": false,
        "line_number": 29
      }
    ],
    "Agentic-ai-self-service/backend/tests/test_tool_lambda_log_groups_are_bounded.py": [
      {
        "type": "Base64 High Entropy String",
        "filename": "Agentic-ai-self-service/backend/tests/test_tool_lambda_log_groups_are_bounded.py",
        "hashed_secret": "ff979fb5b828465cd2c7e35ad0ef1dc454a0a083",
        "is_verified": false,
        "line_number": 29
      },
      {
        "type": "Base64 High Entropy String",
        "filename": "Agentic-ai-self-service/backend/tests/test_tool_lambda_log_groups_are_bounded.py",
        "hashed_secret": "3e8a174e61229f84690e411ed72ec450478de6a6",
        "is_verified": false,
        "line_number": 192
      }
    ],
    "Agentic-ai-self-service/backend/tests/test_tool_receipts.py": [
      {
        "type": "Hex High Entropy String",
        "filename": "Agentic-ai-self-service/backend/tests/test_tool_receipts.py",
        "hashed_secret": "b1775a785f09a6ebaf2dc33d6eaeb98974d9cdb8",
        "is_verified": false,
        "line_number": 32
      }
    ],
    "Agentic-ai-self-service/backend/tests/test_trigger_store.py": [
      {
        "type": "Secret Keyword",
        "filename": "Agentic-ai-self-service/backend/tests/test_trigger_store.py",
        "hashed_secret": "073e742aa4a2a5ec0902c10492477cd508b7c1bc",
        "is_verified": false,
        "line_number": 504
      },
      {
        "type": "Secret Keyword",
        "filename": "Agentic-ai-self-service/backend/tests/test_trigger_store.py",
        "hashed_secret": "152c49c65c14275f821f79c2d1f7b296449a1984",
        "is_verified": false,
        "line_number": 544
      },
      {
        "type": "Secret Keyword",
        "filename": "Agentic-ai-self-service/backend/tests/test_trigger_store.py",
        "hashed_secret": "6f3efb6e8b8bd59ea375099e638082b451b93509",
        "is_verified": false,
        "line_number": 920
      }
    ],
    "Agentic-ai-self-service/backend/tests/test_verify_otel_script.py": [
      {
        "type": "Basic Auth Credentials",
        "filename": "Agentic-ai-self-service/backend/tests/test_verify_otel_script.py",
        "hashed_secret": "e5e9fa1ba31ecd1ae84f75caaa474f3a663f05f4",
        "is_verified": false,
        "line_number": 37
      }
    ],
    "Agentic-ai-self-service/backend/tests/test_workflow_crud_properties.py": [
      {
        "type": "Base64 High Entropy String",
        "filename": "Agentic-ai-self-service/backend/tests/test_workflow_crud_properties.py",
        "hashed_secret": "79a8afbe72a1d989b83ec4dbb7ad80356e1b43ff",
        "is_verified": false,
        "line_number": 467
      }
    ],
    "Agentic-ai-self-service/docs/OBSERVABILITY.md": [
      {
        "type": "Secret Keyword",
        "filename": "Agentic-ai-self-service/docs/OBSERVABILITY.md",
        "hashed_secret": "f963bab1609692ce7761123071de5b9d15a1d4ba",
        "is_verified": false,
        "line_number": 39
      }
    ],
    "Agentic-ai-self-service/frontend/src/components/deploy/EvaluationResultsPanel.test.tsx": [
      {
        "type": "Base64 High Entropy String",
        "filename": "Agentic-ai-self-service/frontend/src/components/deploy/EvaluationResultsPanel.test.tsx",
        "hashed_secret": "3a87fe92a763f1b0774c644f0ac69f5849e4f94d",
        "is_verified": false,
        "line_number": 96
      }
    ],
    "Agentic-ai-self-service/frontend/src/components/modals/GatewayConfigurationModal.test.tsx": [
      {
        "type": "Secret Keyword",
        "filename": "Agentic-ai-self-service/frontend/src/components/modals/GatewayConfigurationModal.test.tsx",
        "hashed_secret": "e9a5f12a8ecbb3eb46eca5096b5c52aa5e7c9fdd",
        "is_verified": false,
        "line_number": 169
      }
    ],
    "Agentic-ai-self-service/frontend/src/components/modals/KnowledgeBaseConfigModal.test.tsx": [
      {
        "type": "Hex High Entropy String",
        "filename": "Agentic-ai-self-service/frontend/src/components/modals/KnowledgeBaseConfigModal.test.tsx",
        "hashed_secret": "3aa4dc17e9b3607546f778c778659a2059901f27",
        "is_verified": false,
        "line_number": 21
      }
    ],
    "Agentic-ai-self-service/frontend/src/components/modals/KnowledgeBaseConfigModal.tsx": [
      {
        "type": "Hex High Entropy String",
        "filename": "Agentic-ai-self-service/frontend/src/components/modals/KnowledgeBaseConfigModal.tsx",
        "hashed_secret": "3aa4dc17e9b3607546f778c778659a2059901f27",
        "is_verified": false,
        "line_number": 355
      }
    ],
    "Agentic-ai-self-service/frontend/src/components/modals/LiteLLMRegistryPanel.test.tsx": [
      {
        "type": "Secret Keyword",
        "filename": "Agentic-ai-self-service/frontend/src/components/modals/LiteLLMRegistryPanel.test.tsx",
        "hashed_secret": "8cae261f42a4a72f88cd77c535cce1132f727232",
        "is_verified": false,
        "line_number": 26
      }
    ],
    "Agentic-ai-self-service/frontend/src/components/modals/RuntimeConfigurationModal.providerCredentials.test.tsx": [
      {
        "type": "Secret Keyword",
        "filename": "Agentic-ai-self-service/frontend/src/components/modals/RuntimeConfigurationModal.providerCredentials.test.tsx",
        "hashed_secret": "5b62d48b2f096657312ee9291c9ae14ac131f800",
        "is_verified": false,
        "line_number": 79
      }
    ],
    "Agentic-ai-self-service/frontend/src/components/modals/RuntimeConfigurationModal.tsx": [
      {
        "type": "Secret Keyword",
        "filename": "Agentic-ai-self-service/frontend/src/components/modals/RuntimeConfigurationModal.tsx",
        "hashed_secret": "ecb252044b5ea0f679ee78ec1a12904739e2904d",
        "is_verified": false,
        "line_number": 199
      }
    ],
    "Agentic-ai-self-service/frontend/src/components/modals/connectorConfig.helpers.ts": [
      {
        "type": "Secret Keyword",
        "filename": "Agentic-ai-self-service/frontend/src/components/modals/connectorConfig.helpers.ts",
        "hashed_secret": "cf678cab87dc1f7d1b95b964f15375e088461679",
        "is_verified": false,
        "line_number": 76
      }
    ],
    "Agentic-ai-self-service/frontend/src/components/modals/registry/McpServersPanel.tsx": [
      {
        "type": "Secret Keyword",
        "filename": "Agentic-ai-self-service/frontend/src/components/modals/registry/McpServersPanel.tsx",
        "hashed_secret": "fdcb060614c9b5eaf3ee4596dbda4bfaef9145d4",
        "is_verified": false,
        "line_number": 25
      }
    ],
    "Agentic-ai-self-service/frontend/src/utils/credentialScrub.test.ts": [
      {
        "type": "Base64 High Entropy String",
        "filename": "Agentic-ai-self-service/frontend/src/utils/credentialScrub.test.ts",
        "hashed_secret": "56a1922f3514e577c67c0a7783409c28a4e72b66",
        "is_verified": false,
        "line_number": 9
      },
      {
        "type": "Secret Keyword",
        "filename": "Agentic-ai-self-service/frontend/src/utils/credentialScrub.test.ts",
        "hashed_secret": "8f866ae2f19652f2b567e72a80b8cf89267263b9",
        "is_verified": false,
        "line_number": 11
      },
      {
        "type": "Secret Keyword",
        "filename": "Agentic-ai-self-service/frontend/src/utils/credentialScrub.test.ts",
        "hashed_secret": "16ac1bc87feb07446eca7425c84184bba33e5fa2",
        "is_verified": false,
        "line_number": 14
      }
    ],
    "Agentic-ai-self-service/frontend/src/utils/gatewayConfig.test.ts": [
      {
        "type": "Hex High Entropy String",
        "filename": "Agentic-ai-self-service/frontend/src/utils/gatewayConfig.test.ts",
        "hashed_secret": "9f83fc98416c76226439cbee9c49f7c1965b7874",
        "is_verified": false,
        "line_number": 134
      },
      {
        "type": "Secret Keyword",
        "filename": "Agentic-ai-self-service/frontend/src/utils/gatewayConfig.test.ts",
        "hashed_secret": "13951588fd3325e25ed1e3b116d7009fb221c85e",
        "is_verified": false,
        "line_number": 268
      },
      {
        "type": "Secret Keyword",
        "filename": "Agentic-ai-self-service/frontend/src/utils/gatewayConfig.test.ts",
        "hashed_secret": "76272dc4faf660733711f58c736830d27159fb55",
        "is_verified": false,
        "line_number": 315
      }
    ],
    "Agentic-ai-self-service/frontend/src/utils/gatewayConfig.ts": [
      {
        "type": "Secret Keyword",
        "filename": "Agentic-ai-self-service/frontend/src/utils/gatewayConfig.ts",
        "hashed_secret": "ce15802a8c5e8e9db0ffaf10130ef265296e9ea4",
        "is_verified": false,
        "line_number": 64
      }
    ],
    "Agentic-ai-self-service/frontend/src/utils/validation.test.ts": [
      {
        "type": "Secret Keyword",
        "filename": "Agentic-ai-self-service/frontend/src/utils/validation.test.ts",
        "hashed_secret": "e9a5f12a8ecbb3eb46eca5096b5c52aa5e7c9fdd",
        "is_verified": false,
        "line_number": 924
      },
      {
        "type": "Secret Keyword",
        "filename": "Agentic-ai-self-service/frontend/src/utils/validation.test.ts",
        "hashed_secret": "096a02391c1184f33d36ce44f51b6d7a0fc94178",
        "is_verified": false,
        "line_number": 983
      }
    ],
    "Agentic-ai-self-service/infra/tests/ownership_read_graph.py": [
      {
        "type": "Secret Keyword",
        "filename": "Agentic-ai-self-service/infra/tests/ownership_read_graph.py",
        "hashed_secret": "bdfaae43576a6ab123b670d506fb095928dd769a",
        "is_verified": false,
        "line_number": 50
      }
    ],
    "Agentic-ai-self-service/infra/tests/test_agentcore_ownership_read_and_container_arns.py": [
      {
        "type": "Secret Keyword",
        "filename": "Agentic-ai-self-service/infra/tests/test_agentcore_ownership_read_and_container_arns.py",
        "hashed_secret": "4d5569dcdba4fe2592d002dcb8380d1bd967b872",
        "is_verified": false,
        "line_number": 101
      }
    ],
    "Agentic-ai-self-service/infra/tests/test_cleanup_ownership_gate.py": [
      {
        "type": "Base64 High Entropy String",
        "filename": "Agentic-ai-self-service/infra/tests/test_cleanup_ownership_gate.py",
        "hashed_secret": "8dd74e1b7e52a99ca64886b8b1f3a6a8bfcbed09",
        "is_verified": false,
        "line_number": 333
      }
    ],
    "Agentic-ai-self-service/infra/tests/test_f07_oidc_client_secret_is_a_dynamic_reference.py": [
      {
        "type": "Secret Keyword",
        "filename": "Agentic-ai-self-service/infra/tests/test_f07_oidc_client_secret_is_a_dynamic_reference.py",
        "hashed_secret": "8318df9ecda039deac9868adf1944a29a95c7114",
        "is_verified": false,
        "line_number": 59
      },
      {
        "type": "Secret Keyword",
        "filename": "Agentic-ai-self-service/infra/tests/test_f07_oidc_client_secret_is_a_dynamic_reference.py",
        "hashed_secret": "17bf90387c640d30d28721aeedda664ae2c61f4c",
        "is_verified": false,
        "line_number": 69
      },
      {
        "type": "Secret Keyword",
        "filename": "Agentic-ai-self-service/infra/tests/test_f07_oidc_client_secret_is_a_dynamic_reference.py",
        "hashed_secret": "ce9b53c8029909f8e02fd934c9c07a454cd53207",
        "is_verified": false,
        "line_number": 80
      }
    ],
    "Agentic-ai-self-service/infra/tests/test_stage_route_settings_depend_on_their_routes.py": [
      {
        "type": "Secret Keyword",
        "filename": "Agentic-ai-self-service/infra/tests/test_stage_route_settings_depend_on_their_routes.py",
        "hashed_secret": "8c339b19db35a541296a35a49bfe3d196af24277",
        "is_verified": false,
        "line_number": 28
      }
    ],
    "Agentic-ai-self-service/infra/tests/test_teardown_reads_are_granted_where_they_are_called.py": [
      {
        "type": "Secret Keyword",
        "filename": "Agentic-ai-self-service/infra/tests/test_teardown_reads_are_granted_where_they_are_called.py",
        "hashed_secret": "f1194aeb6a0ac4e6d69122f0e2bd2df07bb31f75",
        "is_verified": false,
        "line_number": 52
      }
    ],
    "Agentic-ai-self-service/infra/tests/test_the_teardown_role_can_delete_what_the_manifest_records.py": [
      {
        "type": "Secret Keyword",
        "filename": "Agentic-ai-self-service/infra/tests/test_the_teardown_role_can_delete_what_the_manifest_records.py",
        "hashed_secret": "f9eeaf7fde1bdf57ddd6bafa735cea386cd3e36e",
        "is_verified": false,
        "line_number": 104
      }
    ],
    "Agentic-ai-self-service/scripts/bootstrap-otel-secret.sh": [
      {
        "type": "Secret Keyword",
        "filename": "Agentic-ai-self-service/scripts/bootstrap-otel-secret.sh",
        "hashed_secret": "42e611db283124a549256c20aba61e94d8c1c630",
        "is_verified": false,
        "line_number": 15
      },
      {
        "type": "Secret Keyword",
        "filename": "Agentic-ai-self-service/scripts/bootstrap-otel-secret.sh",
        "hashed_secret": "ef546f4079024f812f543042201a21dabaf715d7",
        "is_verified": false,
        "line_number": 58
      }
    ],
    "Agentic-ai-self-service/scripts/verify-litellm.py": [
      {
        "type": "Secret Keyword",
        "filename": "Agentic-ai-self-service/scripts/verify-litellm.py",
        "hashed_secret": "58801e3391955d7ee7d51ba293351c3176f5b682",
        "is_verified": false,
        "line_number": 195
      }
    ]
  },
  "generated_at": "2026-10-04T09:07:21Z"
}
