{
  "version": "1.5.0",
  "plugins_used": [
    {
      "name": "ArtifactoryDetector"
    },
    {
      "name": "AWSKeyDetector"
    },
    {
      "name": "AzureStorageKeyDetector"
    },
    {
      "name": "Base64HighEntropyString",
      "limit": 4.5
    },
    {
      "name": "BasicAuthDetector"
    },
    {
      "name": "CloudantDetector"
    },
    {
      "name": "DiscordBotTokenDetector"
    },
    {
      "name": "GitHubTokenDetector"
    },
    {
      "name": "GitLabTokenDetector"
    },
    {
      "name": "HexHighEntropyString",
      "limit": 3.0
    },
    {
      "name": "IbmCloudIamDetector"
    },
    {
      "name": "IbmCosHmacDetector"
    },
    {
      "name": "IPPublicDetector"
    },
    {
      "name": "JwtTokenDetector"
    },
    {
      "name": "KeywordDetector",
      "keyword_exclude": ""
    },
    {
      "name": "MailchimpDetector"
    },
    {
      "name": "NpmDetector"
    },
    {
      "name": "OpenAIDetector"
    },
    {
      "name": "PrivateKeyDetector"
    },
    {
      "name": "PypiTokenDetector"
    },
    {
      "name": "SendGridDetector"
    },
    {
      "name": "SlackDetector"
    },
    {
      "name": "SoftlayerDetector"
    },
    {
      "name": "SquareOAuthDetector"
    },
    {
      "name": "StripeDetector"
    },
    {
      "name": "TelegramBotTokenDetector"
    },
    {
      "name": "TwilioKeyDetector"
    }
  ],
  "filters_used": [
    {
      "path": "detect_secrets.filters.allowlist.is_line_allowlisted"
    },
    {
      "path": "detect_secrets.filters.common.is_baseline_file",
      "filename": ".secrets.baseline"
    },
    {
      "path": "detect_secrets.filters.common.is_ignored_due_to_verification_policies",
      "min_level": 2
    },
    {
      "path": "detect_secrets.filters.heuristic.is_indirect_reference"
    },
    {
      "path": "detect_secrets.filters.heuristic.is_likely_id_string"
    },
    {
      "path": "detect_secrets.filters.heuristic.is_lock_file"
    },
    {
      "path": "detect_secrets.filters.heuristic.is_not_alphanumeric_string"
    },
    {
      "path": "detect_secrets.filters.heuristic.is_potential_uuid"
    },
    {
      "path": "detect_secrets.filters.heuristic.is_prefixed_with_dollar_sign"
    },
    {
      "path": "detect_secrets.filters.heuristic.is_sequential_string"
    },
    {
      "path": "detect_secrets.filters.heuristic.is_swagger_file"
    },
    {
      "path": "detect_secrets.filters.heuristic.is_templated_secret"
    },
    {
      "path": "detect_secrets.filters.regex.should_exclude_file",
      "pattern": [
        "package-lock\\.json",
        "\\.lock$"
      ]
    }
  ],
  "results": {
    "backend/src/app/services/connectors.py": [
      {
        "type": "Secret Keyword",
        "filename": "backend/src/app/services/connectors.py",
        "hashed_secret": "665b1e3851eefefa3fb878654292f16597d25155",
        "is_verified": false,
        "line_number": 27
      }
    ],
    "backend/src/app/services/gateway_deployer.py": [
      {
        "type": "Secret Keyword",
        "filename": "backend/src/app/services/gateway_deployer.py",
        "hashed_secret": "92f627e6114fde8ec8e85f5dc7eb0d8548926fd9",
        "is_verified": false,
        "line_number": 430
      },
      {
        "type": "Secret Keyword",
        "filename": "backend/src/app/services/gateway_deployer.py",
        "hashed_secret": "d7fd7ad909ceceb64db2ff741ad7077fa9c506fa",
        "is_verified": false,
        "line_number": 4012
      }
    ],
    "backend/src/app/services/registry_providers/litellm.py": [
      {
        "type": "Secret Keyword",
        "filename": "backend/src/app/services/registry_providers/litellm.py",
        "hashed_secret": "da2747e6730bbcd882d0bc0057c67575836bf2c2",
        "is_verified": false,
        "line_number": 86
      }
    ],
    "backend/tests/test_bundle_resolution_property.py": [
      {
        "type": "Base64 High Entropy String",
        "filename": "backend/tests/test_bundle_resolution_property.py",
        "hashed_secret": "991a191306a6e0ad9f3b1f8a3565f6b039dd8bfe",
        "is_verified": false,
        "line_number": 40
      },
      {
        "type": "Base64 High Entropy String",
        "filename": "backend/tests/test_bundle_resolution_property.py",
        "hashed_secret": "79a8afbe72a1d989b83ec4dbb7ad80356e1b43ff",
        "is_verified": false,
        "line_number": 62
      }
    ],
    "backend/tests/test_comprehensive_preservation.py": [
      {
        "type": "Secret Keyword",
        "filename": "backend/tests/test_comprehensive_preservation.py",
        "hashed_secret": "03f5e2d670af3e9183f3fe790785b0d41291a17d",
        "is_verified": false,
        "line_number": 90
      }
    ],
    "backend/tests/test_config.py": [
      {
        "type": "Secret Keyword",
        "filename": "backend/tests/test_config.py",
        "hashed_secret": "dc724af18fbdd4e59189f5fe768a5f8311527050",
        "is_verified": false,
        "line_number": 168
      }
    ],
    "backend/tests/test_config_properties.py": [
      {
        "type": "Secret Keyword",
        "filename": "backend/tests/test_config_properties.py",
        "hashed_secret": "dc724af18fbdd4e59189f5fe768a5f8311527050",
        "is_verified": false,
        "line_number": 120
      }
    ],
    "backend/tests/test_connectors.py": [
      {
        "type": "Secret Keyword",
        "filename": "backend/tests/test_connectors.py",
        "hashed_secret": "e07521498df2a229be676f28241ec9882b259899",
        "is_verified": false,
        "line_number": 222
      },
      {
        "type": "Secret Keyword",
        "filename": "backend/tests/test_connectors.py",
        "hashed_secret": "92f627e6114fde8ec8e85f5dc7eb0d8548926fd9",
        "is_verified": false,
        "line_number": 235
      },
      {
        "type": "Secret Keyword",
        "filename": "backend/tests/test_connectors.py",
        "hashed_secret": "50b313e259b2be724b3123178f2e44ffb88eec19",
        "is_verified": false,
        "line_number": 269
      },
      {
        "type": "Secret Keyword",
        "filename": "backend/tests/test_connectors.py",
        "hashed_secret": "ed65477e87cda4b1180d02389e61a625a1eb1633",
        "is_verified": false,
        "line_number": 315
      },
      {
        "type": "Secret Keyword",
        "filename": "backend/tests/test_connectors.py",
        "hashed_secret": "d3f8eab3a1fd8007bfab5f2490af3fac133984e7",
        "is_verified": false,
        "line_number": 343
      },
      {
        "type": "Secret Keyword",
        "filename": "backend/tests/test_connectors.py",
        "hashed_secret": "0e40e52424f552e4dc666a51ff9b143b9d9258cd",
        "is_verified": false,
        "line_number": 381
      },
      {
        "type": "Secret Keyword",
        "filename": "backend/tests/test_connectors.py",
        "hashed_secret": "7fdbdfd1dd31a54c660d407e1662061b501d51d5",
        "is_verified": false,
        "line_number": 387
      }
    ],
    "backend/tests/test_credential_provider_scoping.py": [
      {
        "type": "Secret Keyword",
        "filename": "backend/tests/test_credential_provider_scoping.py",
        "hashed_secret": "b50653c7794a2faf3b378b2fa9e1015eaf62b60f",
        "is_verified": false,
        "line_number": 94
      },
      {
        "type": "Secret Keyword",
        "filename": "backend/tests/test_credential_provider_scoping.py",
        "hashed_secret": "2685e1b49462d9bd59069ef08affc1abb4190cb6",
        "is_verified": false,
        "line_number": 113
      },
      {
        "type": "Secret Keyword",
        "filename": "backend/tests/test_credential_provider_scoping.py",
        "hashed_secret": "b9432858eec528564c3ae0129ff963c1653b0600",
        "is_verified": false,
        "line_number": 114
      },
      {
        "type": "Secret Keyword",
        "filename": "backend/tests/test_credential_provider_scoping.py",
        "hashed_secret": "f4b94db9b07c441201257035017152c81d8a5d8d",
        "is_verified": false,
        "line_number": 132
      },
      {
        "type": "Secret Keyword",
        "filename": "backend/tests/test_credential_provider_scoping.py",
        "hashed_secret": "fe72967536aedcae9b1b1e4eaf2c53494e17a638",
        "is_verified": false,
        "line_number": 165
      }
    ],
    "backend/tests/test_credential_provider_teardown.py": [
      {
        "type": "Secret Keyword",
        "filename": "backend/tests/test_credential_provider_teardown.py",
        "hashed_secret": "e5d3db477707ed7e063c4cc9f87449633c3337c4",
        "is_verified": false,
        "line_number": 182
      }
    ],
    "backend/tests/test_dynamodb_storage_properties.py": [
      {
        "type": "Secret Keyword",
        "filename": "backend/tests/test_dynamodb_storage_properties.py",
        "hashed_secret": "dc724af18fbdd4e59189f5fe768a5f8311527050",
        "is_verified": false,
        "line_number": 337
      }
    ],
    "backend/tests/test_exploration_bugs.py": [
      {
        "type": "Secret Keyword",
        "filename": "backend/tests/test_exploration_bugs.py",
        "hashed_secret": "03f5e2d670af3e9183f3fe790785b0d41291a17d",
        "is_verified": false,
        "line_number": 56
      }
    ],
    "backend/tests/test_gateway_cleanup_failure_labels.py": [
      {
        "type": "Secret Keyword",
        "filename": "backend/tests/test_gateway_cleanup_failure_labels.py",
        "hashed_secret": "d27183a9e5485bfcb0149ac7979499561605f43e",
        "is_verified": false,
        "line_number": 37
      }
    ],
    "backend/tests/test_gateway_defects_matrix.py": [
      {
        "type": "Secret Keyword",
        "filename": "backend/tests/test_gateway_defects_matrix.py",
        "hashed_secret": "938b47518dd8c33fd7d1a7bd8c85b719a97077ce",
        "is_verified": false,
        "line_number": 65
      }
    ],
    "backend/tests/test_gateway_deployer_ssrf.py": [
      {
        "type": "Secret Keyword",
        "filename": "backend/tests/test_gateway_deployer_ssrf.py",
        "hashed_secret": "0c731a5f1dc781894b434c27b9f6a9cd9d9bdfcb",
        "is_verified": false,
        "line_number": 250
      }
    ],
    "backend/tests/test_git_sync.py": [
      {
        "type": "Secret Keyword",
        "filename": "backend/tests/test_git_sync.py",
        "hashed_secret": "8695415fd0d8374b37c33b93374b3d23ad2144b3",
        "is_verified": false,
        "line_number": 387
      }
    ],
    "backend/tests/test_litellm_gateway.py": [
      {
        "type": "Secret Keyword",
        "filename": "backend/tests/test_litellm_gateway.py",
        "hashed_secret": "13951588fd3325e25ed1e3b116d7009fb221c85e",
        "is_verified": false,
        "line_number": 210
      },
      {
        "type": "Secret Keyword",
        "filename": "backend/tests/test_litellm_gateway.py",
        "hashed_secret": "fe72967536aedcae9b1b1e4eaf2c53494e17a638",
        "is_verified": false,
        "line_number": 237
      },
      {
        "type": "Secret Keyword",
        "filename": "backend/tests/test_litellm_gateway.py",
        "hashed_secret": "55b3ba644cfaa9eb08d22a80ee5f169770fe8b83",
        "is_verified": false,
        "line_number": 468
      },
      {
        "type": "Secret Keyword",
        "filename": "backend/tests/test_litellm_gateway.py",
        "hashed_secret": "da528d7ec264b3846161f3b8fb8dd10e6d46fa09",
        "is_verified": false,
        "line_number": 483
      },
      {
        "type": "Secret Keyword",
        "filename": "backend/tests/test_litellm_gateway.py",
        "hashed_secret": "a5897dbdaab96dc975149fc752d1f7e99894b07b",
        "is_verified": false,
        "line_number": 544
      },
      {
        "type": "Secret Keyword",
        "filename": "backend/tests/test_litellm_gateway.py",
        "hashed_secret": "d49a32fb15b12579c7cb3d6929a37ffb4fff0b7d",
        "is_verified": false,
        "line_number": 583
      },
      {
        "type": "Secret Keyword",
        "filename": "backend/tests/test_litellm_gateway.py",
        "hashed_secret": "51cf6dd7b10e7340b8f7c62d9fcaff58f6767e52",
        "is_verified": false,
        "line_number": 584
      },
      {
        "type": "Secret Keyword",
        "filename": "backend/tests/test_litellm_gateway.py",
        "hashed_secret": "c0745ace1096f365f28b434a3134a31caf7666cd",
        "is_verified": false,
        "line_number": 692
      },
      {
        "type": "Secret Keyword",
        "filename": "backend/tests/test_litellm_gateway.py",
        "hashed_secret": "e5d3db477707ed7e063c4cc9f87449633c3337c4",
        "is_verified": false,
        "line_number": 788
      },
      {
        "type": "Secret Keyword",
        "filename": "backend/tests/test_litellm_gateway.py",
        "hashed_secret": "70be7cdaea7ac12e48169f7509d1701d0ddd5bb4",
        "is_verified": false,
        "line_number": 906
      }
    ],
    "backend/tests/test_litellm_gating.py": [
      {
        "type": "Secret Keyword",
        "filename": "backend/tests/test_litellm_gating.py",
        "hashed_secret": "818aa2c6222e1983036d3c1b07da5d5b3cca660d",
        "is_verified": false,
        "line_number": 60
      }
    ],
    "backend/tests/test_litellm_ssrf_sink.py": [
      {
        "type": "Secret Keyword",
        "filename": "backend/tests/test_litellm_ssrf_sink.py",
        "hashed_secret": "58801e3391955d7ee7d51ba293351c3176f5b682",
        "is_verified": false,
        "line_number": 100
      }
    ],
    "backend/tests/test_mcp_catalog.py": [
      {
        "type": "Secret Keyword",
        "filename": "backend/tests/test_mcp_catalog.py",
        "hashed_secret": "591a210afa168e713f2e2193e439a7ed25bdc677",
        "is_verified": false,
        "line_number": 133
      },
      {
        "type": "Secret Keyword",
        "filename": "backend/tests/test_mcp_catalog.py",
        "hashed_secret": "ae291c204ec3c5a39a051c1684ad8fb38e7fc033",
        "is_verified": false,
        "line_number": 152
      },
      {
        "type": "Secret Keyword",
        "filename": "backend/tests/test_mcp_catalog.py",
        "hashed_secret": "f46e825fa5cf4bee94d595c321a3aecb65bc8c48",
        "is_verified": false,
        "line_number": 168
      },
      {
        "type": "Secret Keyword",
        "filename": "backend/tests/test_mcp_catalog.py",
        "hashed_secret": "fe72967536aedcae9b1b1e4eaf2c53494e17a638",
        "is_verified": false,
        "line_number": 370
      }
    ],
    "backend/tests/test_models_property.py": [
      {
        "type": "Secret Keyword",
        "filename": "backend/tests/test_models_property.py",
        "hashed_secret": "aadb66aa192ab7df077698a87af2198acb529772",
        "is_verified": false,
        "line_number": 216
      }
    ],
    "backend/tests/test_obo_credential_provider.py": [
      {
        "type": "Secret Keyword",
        "filename": "backend/tests/test_obo_credential_provider.py",
        "hashed_secret": "43b5a7ccc96b402d0fc814b5e03f8e23c2d9d1d8",
        "is_verified": false,
        "line_number": 38
      }
    ],
    "backend/tests/test_observability.py": [
      {
        "type": "Secret Keyword",
        "filename": "backend/tests/test_observability.py",
        "hashed_secret": "a7b8035f9d1c40575f9de1538f55046a842d1e2d",
        "is_verified": false,
        "line_number": 44
      },
      {
        "type": "Secret Keyword",
        "filename": "backend/tests/test_observability.py",
        "hashed_secret": "9315a15ab703c3921866a41642fb6ab05912052a",
        "is_verified": false,
        "line_number": 71
      },
      {
        "type": "Secret Keyword",
        "filename": "backend/tests/test_observability.py",
        "hashed_secret": "bcb3b68699bd6ae7d7c5d575068d869d8c69ba0f",
        "is_verified": false,
        "line_number": 224
      },
      {
        "type": "Secret Keyword",
        "filename": "backend/tests/test_observability.py",
        "hashed_secret": "09a26f7334cbda2c27051b7776b0737268c0173c",
        "is_verified": false,
        "line_number": 257
      }
    ],
    "backend/tests/test_per_agent_identity.py": [
      {
        "type": "Base64 High Entropy String",
        "filename": "backend/tests/test_per_agent_identity.py",
        "hashed_secret": "e3984cf8d3e5e87a07a61c4a181596742ad43a17",
        "is_verified": false,
        "line_number": 303
      }
    ],
    "backend/tests/test_preservation.py": [
      {
        "type": "Secret Keyword",
        "filename": "backend/tests/test_preservation.py",
        "hashed_secret": "03f5e2d670af3e9183f3fe790785b0d41291a17d",
        "is_verified": false,
        "line_number": 69
      }
    ],
    "backend/tests/test_provider_credentials.py": [
      {
        "type": "Basic Auth Credentials",
        "filename": "backend/tests/test_provider_credentials.py",
        "hashed_secret": "1a91d62f7ca67399625a4368a6ab5d4a3baa6073",
        "is_verified": false,
        "line_number": 128
      }
    ],
    "backend/tests/test_region_model_prefix.py": [
      {
        "type": "AWS Access Key",
        "filename": "backend/tests/test_region_model_prefix.py",
        "hashed_secret": "25910f981e85ca04baf359199dd0bd4a3ae738b6",
        "is_verified": false,
        "line_number": 406
      }
    ],
    "backend/tests/test_registry_providers.py": [
      {
        "type": "Secret Keyword",
        "filename": "backend/tests/test_registry_providers.py",
        "hashed_secret": "818aa2c6222e1983036d3c1b07da5d5b3cca660d",
        "is_verified": false,
        "line_number": 270
      },
      {
        "type": "Secret Keyword",
        "filename": "backend/tests/test_registry_providers.py",
        "hashed_secret": "fe72967536aedcae9b1b1e4eaf2c53494e17a638",
        "is_verified": false,
        "line_number": 545
      },
      {
        "type": "Secret Keyword",
        "filename": "backend/tests/test_registry_providers.py",
        "hashed_secret": "7827744aabba07573681773f894f77fd8b3f4347",
        "is_verified": false,
        "line_number": 571
      },
      {
        "type": "Secret Keyword",
        "filename": "backend/tests/test_registry_providers.py",
        "hashed_secret": "da2747e6730bbcd882d0bc0057c67575836bf2c2",
        "is_verified": false,
        "line_number": 601
      }
    ],
    "backend/tests/test_requirements_empty_property.py": [
      {
        "type": "Base64 High Entropy String",
        "filename": "backend/tests/test_requirements_empty_property.py",
        "hashed_secret": "991a191306a6e0ad9f3b1f8a3565f6b039dd8bfe",
        "is_verified": false,
        "line_number": 41
      },
      {
        "type": "Base64 High Entropy String",
        "filename": "backend/tests/test_requirements_empty_property.py",
        "hashed_secret": "cd2830c846b9f81265342b002ed78d90efd86120",
        "is_verified": false,
        "line_number": 73
      }
    ],
    "backend/tests/test_serialization_properties.py": [
      {
        "type": "Base64 High Entropy String",
        "filename": "backend/tests/test_serialization_properties.py",
        "hashed_secret": "8eb6a2543a00fa38b9a717242e592d4afa7f80cf",
        "is_verified": false,
        "line_number": 326
      }
    ],
    "backend/tests/test_workflow_crud_properties.py": [
      {
        "type": "Base64 High Entropy String",
        "filename": "backend/tests/test_workflow_crud_properties.py",
        "hashed_secret": "79a8afbe72a1d989b83ec4dbb7ad80356e1b43ff",
        "is_verified": false,
        "line_number": 467
      }
    ],
    "docs/OBSERVABILITY.md": [
      {
        "type": "Secret Keyword",
        "filename": "docs/OBSERVABILITY.md",
        "hashed_secret": "f963bab1609692ce7761123071de5b9d15a1d4ba",
        "is_verified": false,
        "line_number": 39
      }
    ],
    "frontend/src/components/modals/GatewayConfigurationModal.test.tsx": [
      {
        "type": "Secret Keyword",
        "filename": "frontend/src/components/modals/GatewayConfigurationModal.test.tsx",
        "hashed_secret": "e9a5f12a8ecbb3eb46eca5096b5c52aa5e7c9fdd",
        "is_verified": false,
        "line_number": 167
      }
    ],
    "frontend/src/components/modals/KnowledgeBaseConfigModal.tsx": [
      {
        "type": "Hex High Entropy String",
        "filename": "frontend/src/components/modals/KnowledgeBaseConfigModal.tsx",
        "hashed_secret": "3aa4dc17e9b3607546f778c778659a2059901f27",
        "is_verified": false,
        "line_number": 295
      }
    ],
    "frontend/src/components/modals/LiteLLMRegistryPanel.test.tsx": [
      {
        "type": "Secret Keyword",
        "filename": "frontend/src/components/modals/LiteLLMRegistryPanel.test.tsx",
        "hashed_secret": "8cae261f42a4a72f88cd77c535cce1132f727232",
        "is_verified": false,
        "line_number": 26
      }
    ],
    "frontend/src/components/modals/connectorConfig.helpers.ts": [
      {
        "type": "Secret Keyword",
        "filename": "frontend/src/components/modals/connectorConfig.helpers.ts",
        "hashed_secret": "cf678cab87dc1f7d1b95b964f15375e088461679",
        "is_verified": false,
        "line_number": 76
      }
    ],
    "frontend/src/components/modals/registry/McpServersPanel.tsx": [
      {
        "type": "Secret Keyword",
        "filename": "frontend/src/components/modals/registry/McpServersPanel.tsx",
        "hashed_secret": "fdcb060614c9b5eaf3ee4596dbda4bfaef9145d4",
        "is_verified": false,
        "line_number": 25
      }
    ],
    "frontend/src/utils/gatewayConfig.test.ts": [
      {
        "type": "Hex High Entropy String",
        "filename": "frontend/src/utils/gatewayConfig.test.ts",
        "hashed_secret": "9f83fc98416c76226439cbee9c49f7c1965b7874",
        "is_verified": false,
        "line_number": 134
      },
      {
        "type": "Secret Keyword",
        "filename": "frontend/src/utils/gatewayConfig.test.ts",
        "hashed_secret": "13951588fd3325e25ed1e3b116d7009fb221c85e",
        "is_verified": false,
        "line_number": 268
      },
      {
        "type": "Secret Keyword",
        "filename": "frontend/src/utils/gatewayConfig.test.ts",
        "hashed_secret": "76272dc4faf660733711f58c736830d27159fb55",
        "is_verified": false,
        "line_number": 315
      }
    ],
    "frontend/src/utils/gatewayConfig.ts": [
      {
        "type": "Secret Keyword",
        "filename": "frontend/src/utils/gatewayConfig.ts",
        "hashed_secret": "ce15802a8c5e8e9db0ffaf10130ef265296e9ea4",
        "is_verified": false,
        "line_number": 64
      }
    ],
    "frontend/src/utils/validation.test.ts": [
      {
        "type": "Secret Keyword",
        "filename": "frontend/src/utils/validation.test.ts",
        "hashed_secret": "e9a5f12a8ecbb3eb46eca5096b5c52aa5e7c9fdd",
        "is_verified": false,
        "line_number": 590
      },
      {
        "type": "Secret Keyword",
        "filename": "frontend/src/utils/validation.test.ts",
        "hashed_secret": "096a02391c1184f33d36ce44f51b6d7a0fc94178",
        "is_verified": false,
        "line_number": 644
      }
    ],
    "scripts/bootstrap-otel-secret.sh": [
      {
        "type": "Secret Keyword",
        "filename": "scripts/bootstrap-otel-secret.sh",
        "hashed_secret": "42e611db283124a549256c20aba61e94d8c1c630",
        "is_verified": false,
        "line_number": 15
      },
      {
        "type": "Secret Keyword",
        "filename": "scripts/bootstrap-otel-secret.sh",
        "hashed_secret": "ef546f4079024f812f543042201a21dabaf715d7",
        "is_verified": false,
        "line_number": 58
      }
    ],
    "scripts/verify-litellm.py": [
      {
        "type": "Secret Keyword",
        "filename": "scripts/verify-litellm.py",
        "hashed_secret": "58801e3391955d7ee7d51ba293351c3176f5b682",
        "is_verified": false,
        "line_number": 185
      }
    ]
  },
  "generated_at": "2026-09-04T17:13:11Z"
}
